Archive member included to satisfy reference by file (symbol)

/usr/local/Caskroom/gcc-arm-embedded/10-2020-q4-major/gcc-arm-none-eabi-10-2020-q4-major/bin/../lib/gcc/arm-none-eabi/10.2.1/../../../../arm-none-eabi/lib/thumb/v7-m/nofp/libg.a(lib_a-ctype_.o)
                              ./build/obj/chscanf.o (symbol from plugin) (_ctype_)
/usr/local/Caskroom/gcc-arm-embedded/10-2020-q4-major/gcc-arm-none-eabi-10-2020-q4-major/bin/../lib/gcc/arm-none-eabi/10.2.1/../../../../arm-none-eabi/lib/thumb/v7-m/nofp/libg.a(lib_a-memcmp.o)
                              /var/folders/yg/3nxcpv294hvfwgl_w3cbnbrh0000gn/T//ch.elf.rjwPRd.ltrans1.ltrans.o (memcmp)
/usr/local/Caskroom/gcc-arm-embedded/10-2020-q4-major/gcc-arm-none-eabi-10-2020-q4-major/bin/../lib/gcc/arm-none-eabi/10.2.1/../../../../arm-none-eabi/lib/thumb/v7-m/nofp/libg.a(lib_a-memcpy.o)
                              /var/folders/yg/3nxcpv294hvfwgl_w3cbnbrh0000gn/T//ch.elf.rjwPRd.ltrans0.ltrans.o (memcpy)
/usr/local/Caskroom/gcc-arm-embedded/10-2020-q4-major/gcc-arm-none-eabi-10-2020-q4-major/bin/../lib/gcc/arm-none-eabi/10.2.1/../../../../arm-none-eabi/lib/thumb/v7-m/nofp/libg.a(lib_a-memset.o)
                              /var/folders/yg/3nxcpv294hvfwgl_w3cbnbrh0000gn/T//ch.elf.rjwPRd.ltrans0.ltrans.o (memset)
/usr/local/Caskroom/gcc-arm-embedded/10-2020-q4-major/gcc-arm-none-eabi-10-2020-q4-major/bin/../lib/gcc/arm-none-eabi/10.2.1/../../../../arm-none-eabi/lib/thumb/v7-m/nofp/libg.a(lib_a-strchr.o)
                              /var/folders/yg/3nxcpv294hvfwgl_w3cbnbrh0000gn/T//ch.elf.rjwPRd.ltrans0.ltrans.o (strchr)
/usr/local/Caskroom/gcc-arm-embedded/10-2020-q4-major/gcc-arm-none-eabi-10-2020-q4-major/bin/../lib/gcc/arm-none-eabi/10.2.1/../../../../arm-none-eabi/lib/thumb/v7-m/nofp/libg.a(lib_a-strcmp.o)
                              /var/folders/yg/3nxcpv294hvfwgl_w3cbnbrh0000gn/T//ch.elf.rjwPRd.ltrans0.ltrans.o (strcmp)
/usr/local/Caskroom/gcc-arm-embedded/10-2020-q4-major/gcc-arm-none-eabi-10-2020-q4-major/bin/../lib/gcc/arm-none-eabi/10.2.1/../../../../arm-none-eabi/lib/thumb/v7-m/nofp/libg.a(lib_a-strcpy.o)
                              /var/folders/yg/3nxcpv294hvfwgl_w3cbnbrh0000gn/T//ch.elf.rjwPRd.ltrans1.ltrans.o (strcpy)
/usr/local/Caskroom/gcc-arm-embedded/10-2020-q4-major/gcc-arm-none-eabi-10-2020-q4-major/bin/../lib/gcc/arm-none-eabi/10.2.1/../../../../arm-none-eabi/lib/thumb/v7-m/nofp/libg.a(lib_a-strlen-stub.o)
                              /var/folders/yg/3nxcpv294hvfwgl_w3cbnbrh0000gn/T//ch.elf.rjwPRd.ltrans1.ltrans.o (strlen)
/usr/local/Caskroom/gcc-arm-embedded/10-2020-q4-major/gcc-arm-none-eabi-10-2020-q4-major/bin/../lib/gcc/arm-none-eabi/10.2.1/../../../../arm-none-eabi/lib/thumb/v7-m/nofp/libg.a(lib_a-strncmp.o)
                              /var/folders/yg/3nxcpv294hvfwgl_w3cbnbrh0000gn/T//ch.elf.rjwPRd.ltrans0.ltrans.o (strncmp)
/usr/local/Caskroom/gcc-arm-embedded/10-2020-q4-major/gcc-arm-none-eabi-10-2020-q4-major/bin/../lib/gcc/arm-none-eabi/10.2.1/../../../../arm-none-eabi/lib/thumb/v7-m/nofp/libg.a(lib_a-strpbrk.o)
                              /var/folders/yg/3nxcpv294hvfwgl_w3cbnbrh0000gn/T//ch.elf.rjwPRd.ltrans0.ltrans.o (strpbrk)
/usr/local/Caskroom/gcc-arm-embedded/10-2020-q4-major/gcc-arm-none-eabi-10-2020-q4-major/bin/../lib/gcc/arm-none-eabi/10.2.1/../../../../arm-none-eabi/lib/thumb/v7-m/nofp/libg.a(lib_a-strspn.o)
                              /var/folders/yg/3nxcpv294hvfwgl_w3cbnbrh0000gn/T//ch.elf.rjwPRd.ltrans0.ltrans.o (strspn)

Discarded input sections

 .data          0x0000000000000000        0x0 ./build/obj/crt0_v7m.o
 .bss           0x0000000000000000        0x0 ./build/obj/crt0_v7m.o
 .data          0x0000000000000000        0x0 ./build/obj/vectors.o
 .bss           0x0000000000000000        0x0 ./build/obj/vectors.o
 .data          0x0000000000000000        0x0 ./build/obj/chcoreasm.o
 .bss           0x0000000000000000        0x0 ./build/obj/chcoreasm.o
 .text          0x0000000000000000        0x0 /var/folders/yg/3nxcpv294hvfwgl_w3cbnbrh0000gn/T//ch.elf.rjwPRd.ltrans0.ltrans.o
 .data          0x0000000000000000        0x0 /var/folders/yg/3nxcpv294hvfwgl_w3cbnbrh0000gn/T//ch.elf.rjwPRd.ltrans0.ltrans.o
 .bss           0x0000000000000000        0x0 /var/folders/yg/3nxcpv294hvfwgl_w3cbnbrh0000gn/T//ch.elf.rjwPRd.ltrans0.ltrans.o
 .text          0x0000000000000000        0x0 /var/folders/yg/3nxcpv294hvfwgl_w3cbnbrh0000gn/T//ch.elf.rjwPRd.ltrans1.ltrans.o
 .data          0x0000000000000000        0x0 /var/folders/yg/3nxcpv294hvfwgl_w3cbnbrh0000gn/T//ch.elf.rjwPRd.ltrans1.ltrans.o
 .bss           0x0000000000000000        0x0 /var/folders/yg/3nxcpv294hvfwgl_w3cbnbrh0000gn/T//ch.elf.rjwPRd.ltrans1.ltrans.o
 .comment       0x0000000000000000       0x4e /var/folders/yg/3nxcpv294hvfwgl_w3cbnbrh0000gn/T//ccsc4w2v.debug.temp.o
 .comment       0x0000000000000000       0x4e /var/folders/yg/3nxcpv294hvfwgl_w3cbnbrh0000gn/T//ccEnBsBL.debug.temp.o
[...]
Memory Configuration

Name             Origin             Length             Attributes
flash0           0x0000000008000000 0x0000000000100000 xr
flash1           0x0000000000000000 0x0000000000000000 xr
flash2           0x0000000000000000 0x0000000000000000 xr
flash3           0x0000000000000000 0x0000000000000000 xr
flash4           0x0000000000000000 0x0000000000000000 xr
flash5           0x0000000000000000 0x0000000000000000 xr
flash6           0x0000000000000000 0x0000000000000000 xr
flash7           0x0000000000000000 0x0000000000000000 xr
ram0             0x0000000020000000 0x0000000000018000 xw
ram1             0x0000000000000000 0x0000000000000000 xw
ram2             0x0000000000000000 0x0000000000000000 xw
ram3             0x0000000000000000 0x0000000000000000 xw
ram4             0x0000000000000000 0x0000000000000000 xw
ram5             0x0000000000000000 0x0000000000000000 xw
ram6             0x0000000000000000 0x0000000000000000 xw
ram7             0x0000000000000000 0x0000000000000000 xw
*default*        0x0000000000000000 0xffffffffffffffff

Linker script and memory map

LOAD ./build/obj/crt0_v7m.o
LOAD ./build/obj/vectors.o
LOAD ./build/obj/chcoreasm.o
LOAD ./build/obj/crt1.o
LOAD /var/folders/yg/3nxcpv294hvfwgl_w3cbnbrh0000gn/T//ch.elf.rjwPRd.ltrans0.ltrans.o
LOAD /var/folders/yg/3nxcpv294hvfwgl_w3cbnbrh0000gn/T//ch.elf.rjwPRd.ltrans1.ltrans.o
LOAD /var/folders/yg/3nxcpv294hvfwgl_w3cbnbrh0000gn/T//ccsc4w2v.debug.temp.o
LOAD /var/folders/yg/3nxcpv294hvfwgl_w3cbnbrh0000gn/T//ccEnBsBL.debug.temp.o
LOAD /var/folders/yg/3nxcpv294hvfwgl_w3cbnbrh0000gn/T//ccnPPcf1.debug.temp.o
LOAD /var/folders/yg/3nxcpv294hvfwgl_w3cbnbrh0000gn/T//ccqqkKEK.debug.temp.o
LOAD /var/folders/yg/3nxcpv294hvfwgl_w3cbnbrh0000gn/T//ccE5oIQr.debug.temp.o
LOAD /var/folders/yg/3nxcpv294hvfwgl_w3cbnbrh0000gn/T//cchJVjTc.debug.temp.o
LOAD /var/folders/yg/3nxcpv294hvfwgl_w3cbnbrh0000gn/T//ccaHgcBV.debug.temp.o
LOAD /var/folders/yg/3nxcpv294hvfwgl_w3cbnbrh0000gn/T//ccsMUYCt.debug.temp.o
LOAD /var/folders/yg/3nxcpv294hvfwgl_w3cbnbrh0000gn/T//ccoEuz8b.debug.temp.o
LOAD /var/folders/yg/3nxcpv294hvfwgl_w3cbnbrh0000gn/T//cc47Gxtg.debug.temp.o
LOAD /var/folders/yg/3nxcpv294hvfwgl_w3cbnbrh0000gn/T//cckFYBf2.debug.temp.o
LOAD /var/folders/yg/3nxcpv294hvfwgl_w3cbnbrh0000gn/T//cc0tMju5.debug.temp.o
LOAD /var/folders/yg/3nxcpv294hvfwgl_w3cbnbrh0000gn/T//ccHzzi5N.debug.temp.o
LOAD /var/folders/yg/3nxcpv294hvfwgl_w3cbnbrh0000gn/T//ccFQM362.debug.temp.o
LOAD /var/folders/yg/3nxcpv294hvfwgl_w3cbnbrh0000gn/T//cchvLCfV.debug.temp.o
LOAD /var/folders/yg/3nxcpv294hvfwgl_w3cbnbrh0000gn/T//ccc8RR6m.debug.temp.o
LOAD /var/folders/yg/3nxcpv294hvfwgl_w3cbnbrh0000gn/T//ccch4slX.debug.temp.o
LOAD /var/folders/yg/3nxcpv294hvfwgl_w3cbnbrh0000gn/T//ccKW2t2M.debug.temp.o
LOAD /var/folders/yg/3nxcpv294hvfwgl_w3cbnbrh0000gn/T//ccqB9LUH.debug.temp.o
LOAD /var/folders/yg/3nxcpv294hvfwgl_w3cbnbrh0000gn/T//ccYHJ1B4.debug.temp.o
LOAD /var/folders/yg/3nxcpv294hvfwgl_w3cbnbrh0000gn/T//cc3QhnFJ.debug.temp.o
LOAD /var/folders/yg/3nxcpv294hvfwgl_w3cbnbrh0000gn/T//ccQ5VUdm.debug.temp.o
LOAD /var/folders/yg/3nxcpv294hvfwgl_w3cbnbrh0000gn/T//ccLsnWLb.debug.temp.o
LOAD /var/folders/yg/3nxcpv294hvfwgl_w3cbnbrh0000gn/T//ccOLTT8T.debug.temp.o
LOAD /var/folders/yg/3nxcpv294hvfwgl_w3cbnbrh0000gn/T//ccqs1lGF.debug.temp.o
LOAD /var/folders/yg/3nxcpv294hvfwgl_w3cbnbrh0000gn/T//cc9iHK8b.debug.temp.o
LOAD /var/folders/yg/3nxcpv294hvfwgl_w3cbnbrh0000gn/T//ccyES0dk.debug.temp.o
LOAD /var/folders/yg/3nxcpv294hvfwgl_w3cbnbrh0000gn/T//cc2eTdRk.debug.temp.o
LOAD /var/folders/yg/3nxcpv294hvfwgl_w3cbnbrh0000gn/T//ccrq9Vrw.debug.temp.o
LOAD /var/folders/yg/3nxcpv294hvfwgl_w3cbnbrh0000gn/T//cca9wbrn.debug.temp.o
LOAD /var/folders/yg/3nxcpv294hvfwgl_w3cbnbrh0000gn/T//ccJFb7AH.debug.temp.o
LOAD /var/folders/yg/3nxcpv294hvfwgl_w3cbnbrh0000gn/T//ccu18jlC.debug.temp.o
LOAD /var/folders/yg/3nxcpv294hvfwgl_w3cbnbrh0000gn/T//ccGWGlU7.debug.temp.o
LOAD /var/folders/yg/3nxcpv294hvfwgl_w3cbnbrh0000gn/T//cczwCn8z.debug.temp.o
LOAD /var/folders/yg/3nxcpv294hvfwgl_w3cbnbrh0000gn/T//cchuCNYR.debug.temp.o
LOAD /var/folders/yg/3nxcpv294hvfwgl_w3cbnbrh0000gn/T//ccsBzqQ4.debug.temp.o
LOAD /var/folders/yg/3nxcpv294hvfwgl_w3cbnbrh0000gn/T//ccCA6jco.debug.temp.o
LOAD /var/folders/yg/3nxcpv294hvfwgl_w3cbnbrh0000gn/T//ccagiXP9.debug.temp.o
LOAD /var/folders/yg/3nxcpv294hvfwgl_w3cbnbrh0000gn/T//ccz9cfOn.debug.temp.o
LOAD /var/folders/yg/3nxcpv294hvfwgl_w3cbnbrh0000gn/T//ccVHwVMv.debug.temp.o
LOAD /var/folders/yg/3nxcpv294hvfwgl_w3cbnbrh0000gn/T//cckBlZvD.debug.temp.o
LOAD /var/folders/yg/3nxcpv294hvfwgl_w3cbnbrh0000gn/T//ccJ1rvLE.debug.temp.o
LOAD /var/folders/yg/3nxcpv294hvfwgl_w3cbnbrh0000gn/T//ccsZX2SD.debug.temp.o
LOAD /var/folders/yg/3nxcpv294hvfwgl_w3cbnbrh0000gn/T//cc6FCR9q.debug.temp.o
LOAD /var/folders/yg/3nxcpv294hvfwgl_w3cbnbrh0000gn/T//ccmnndzo.debug.temp.o
LOAD /var/folders/yg/3nxcpv294hvfwgl_w3cbnbrh0000gn/T//ccREkILu.debug.temp.o
LOAD /var/folders/yg/3nxcpv294hvfwgl_w3cbnbrh0000gn/T//ccfUj7Ic.debug.temp.o
LOAD /var/folders/yg/3nxcpv294hvfwgl_w3cbnbrh0000gn/T//ccGvMwdD.debug.temp.o
LOAD /var/folders/yg/3nxcpv294hvfwgl_w3cbnbrh0000gn/T//ccyx9CQf.debug.temp.o
LOAD /var/folders/yg/3nxcpv294hvfwgl_w3cbnbrh0000gn/T//ccJZcxyu.debug.temp.o
LOAD /var/folders/yg/3nxcpv294hvfwgl_w3cbnbrh0000gn/T//ccTwW8Hb.debug.temp.o
LOAD /var/folders/yg/3nxcpv294hvfwgl_w3cbnbrh0000gn/T//cci6EAd4.debug.temp.o
LOAD /var/folders/yg/3nxcpv294hvfwgl_w3cbnbrh0000gn/T//cc7gTef4.debug.temp.o
LOAD /var/folders/yg/3nxcpv294hvfwgl_w3cbnbrh0000gn/T//cc2fkOpI.debug.temp.o
LOAD /var/folders/yg/3nxcpv294hvfwgl_w3cbnbrh0000gn/T//cch7ycES.debug.temp.o
LOAD /var/folders/yg/3nxcpv294hvfwgl_w3cbnbrh0000gn/T//ccWYoy8A.debug.temp.o
LOAD /var/folders/yg/3nxcpv294hvfwgl_w3cbnbrh0000gn/T//ccrBykP2.debug.temp.o
LOAD /var/folders/yg/3nxcpv294hvfwgl_w3cbnbrh0000gn/T//ccd3BiZf.debug.temp.o
LOAD /var/folders/yg/3nxcpv294hvfwgl_w3cbnbrh0000gn/T//ccVHUzBX.debug.temp.o
LOAD /var/folders/yg/3nxcpv294hvfwgl_w3cbnbrh0000gn/T//cc5GxNhn.debug.temp.o
LOAD /var/folders/yg/3nxcpv294hvfwgl_w3cbnbrh0000gn/T//ccNCraa9.debug.temp.o
LOAD /var/folders/yg/3nxcpv294hvfwgl_w3cbnbrh0000gn/T//cczLSz6x.debug.temp.o
LOAD /var/folders/yg/3nxcpv294hvfwgl_w3cbnbrh0000gn/T//ccIzoWp0.debug.temp.o
LOAD /var/folders/yg/3nxcpv294hvfwgl_w3cbnbrh0000gn/T//cckQ3Wnr.debug.temp.o
LOAD /var/folders/yg/3nxcpv294hvfwgl_w3cbnbrh0000gn/T//ccVfZGDE.debug.temp.o
LOAD /var/folders/yg/3nxcpv294hvfwgl_w3cbnbrh0000gn/T//ccWpQNbm.debug.temp.o
LOAD /var/folders/yg/3nxcpv294hvfwgl_w3cbnbrh0000gn/T//cc7reZA1.debug.temp.o
LOAD /var/folders/yg/3nxcpv294hvfwgl_w3cbnbrh0000gn/T//ccPhqrTt.debug.temp.o
LOAD /var/folders/yg/3nxcpv294hvfwgl_w3cbnbrh0000gn/T//ccmcEBBm.debug.temp.o
LOAD /var/folders/yg/3nxcpv294hvfwgl_w3cbnbrh0000gn/T//ccwiXVqR.debug.temp.o
LOAD /var/folders/yg/3nxcpv294hvfwgl_w3cbnbrh0000gn/T//ccyg6n8a.debug.temp.o
LOAD /var/folders/yg/3nxcpv294hvfwgl_w3cbnbrh0000gn/T//ccVnyM8M.debug.temp.o
LOAD /var/folders/yg/3nxcpv294hvfwgl_w3cbnbrh0000gn/T//cca1IPIp.debug.temp.o
LOAD /var/folders/yg/3nxcpv294hvfwgl_w3cbnbrh0000gn/T//ccX1xGxm.debug.temp.o
LOAD /var/folders/yg/3nxcpv294hvfwgl_w3cbnbrh0000gn/T//cc3UofA7.debug.temp.o
LOAD /var/folders/yg/3nxcpv294hvfwgl_w3cbnbrh0000gn/T//ccVq3MXJ.debug.temp.o
LOAD /var/folders/yg/3nxcpv294hvfwgl_w3cbnbrh0000gn/T//ccfwoRTi.debug.temp.o
LOAD /var/folders/yg/3nxcpv294hvfwgl_w3cbnbrh0000gn/T//ccELGOWK.debug.temp.o
LOAD /var/folders/yg/3nxcpv294hvfwgl_w3cbnbrh0000gn/T//ccmQFuwB.debug.temp.o
LOAD /var/folders/yg/3nxcpv294hvfwgl_w3cbnbrh0000gn/T//cc1cQscI.debug.temp.o
LOAD /var/folders/yg/3nxcpv294hvfwgl_w3cbnbrh0000gn/T//cc4Di5Oo.debug.temp.o
LOAD /var/folders/yg/3nxcpv294hvfwgl_w3cbnbrh0000gn/T//ccoOqWUS.debug.temp.o
LOAD /var/folders/yg/3nxcpv294hvfwgl_w3cbnbrh0000gn/T//cc6STcVk.debug.temp.o
LOAD /var/folders/yg/3nxcpv294hvfwgl_w3cbnbrh0000gn/T//cce7fzph.debug.temp.o
LOAD /var/folders/yg/3nxcpv294hvfwgl_w3cbnbrh0000gn/T//ccin0BHY.debug.temp.o
LOAD ./build/obj/hal.o
LOAD ./build/obj/hal_st.o
LOAD ./build/obj/hal_buffers.o
LOAD ./build/obj/hal_queues.o
LOAD ./build/obj/hal_flash.o
LOAD ./build/obj/hal_mmcsd.o
LOAD ./build/obj/hal_pal.o
LOAD ./build/obj/hal_sdc.o
LOAD ./build/obj/hal_serial_usb.o
LOAD ./build/obj/hal_usb.o
LOAD ./build/obj/nvic.o
LOAD ./build/obj/stm32_isr.o
LOAD ./build/obj/hal_lld.o
LOAD ./build/obj/hal_efl_lld.o
LOAD ./build/obj/stm32_dma.o
LOAD ./build/obj/hal_pal_lld.o
LOAD ./build/obj/hal_sdc_lld.o
LOAD ./build/obj/hal_st_lld.o
LOAD ./build/obj/hal_usb_lld.o
LOAD ./build/obj/board.o
LOAD ./build/obj/osal.o
LOAD ./build/obj/chsys.o
LOAD ./build/obj/chrfcu.o
LOAD ./build/obj/chdebug.o
LOAD ./build/obj/chtrace.o
LOAD ./build/obj/chvt.o
LOAD ./build/obj/chschd.o
LOAD ./build/obj/chinstances.o
LOAD ./build/obj/chthreads.o
LOAD ./build/obj/chtm.o
LOAD ./build/obj/chregistry.o
LOAD ./build/obj/chsem.o
LOAD ./build/obj/chmtx.o
LOAD ./build/obj/chcond.o
LOAD ./build/obj/chevents.o
LOAD ./build/obj/chmsg.o
LOAD ./build/obj/chdynamic.o
LOAD ./build/obj/chmboxes.o
LOAD ./build/obj/chmemcore.o
LOAD ./build/obj/chmemheaps.o
LOAD ./build/obj/chmempools.o
LOAD ./build/obj/chpipes.o
LOAD ./build/obj/chobjcaches.o
LOAD ./build/obj/chdelegates.o
LOAD ./build/obj/chfactory.o
LOAD ./build/obj/chcore.o
LOAD ./build/obj/usbcfg.o
LOAD ./build/obj/chprintf.o
LOAD ./build/obj/chscanf.o
LOAD ./build/obj/memstreams.o
LOAD ./build/obj/nullstreams.o
LOAD ./build/obj/bufstreams.o
LOAD ./build/obj/shell.o
LOAD ./build/obj/shell_cmd.o
LOAD ./build/obj/fatfs_diskio.o
LOAD ./build/obj/fatfs_syscall.o
LOAD ./build/obj/ff.o
LOAD ./build/obj/ffunicode.o
LOAD ./build/obj/ch_test.o
LOAD ./build/obj/ch_test_printf.o
LOAD ./build/obj/rt_test_root.o
LOAD ./build/obj/rt_test_sequence_001.o
LOAD ./build/obj/rt_test_sequence_002.o
LOAD ./build/obj/rt_test_sequence_003.o
LOAD ./build/obj/rt_test_sequence_004.o
LOAD ./build/obj/rt_test_sequence_005.o
LOAD ./build/obj/rt_test_sequence_006.o
LOAD ./build/obj/rt_test_sequence_007.o
LOAD ./build/obj/rt_test_sequence_008.o
LOAD ./build/obj/rt_test_sequence_009.o
LOAD ./build/obj/rt_test_sequence_010.o
LOAD ./build/obj/rt_test_sequence_011.o
LOAD ./build/obj/rt_test_sequence_012.o
LOAD ./build/obj/oslib_test_root.o
LOAD ./build/obj/oslib_test_sequence_001.o
LOAD ./build/obj/oslib_test_sequence_002.o
LOAD ./build/obj/oslib_test_sequence_003.o
LOAD ./build/obj/oslib_test_sequence_004.o
LOAD ./build/obj/oslib_test_sequence_005.o
LOAD ./build/obj/oslib_test_sequence_006.o
LOAD ./build/obj/oslib_test_sequence_007.o
LOAD ./build/obj/oslib_test_sequence_008.o
LOAD ./build/obj/oslib_test_sequence_009.o
LOAD ./build/obj/main.o

.mstack         0x0000000020000000      0x400
                0x0000000020000000                . = ALIGN (0x8)
                0x0000000020000000                __main_stack_base__ = .
                0x0000000020000400                . = (. + __main_stack_size__)
 *fill*         0x0000000020000000      0x400 
                0x0000000020000400                . = ALIGN (0x8)
                0x0000000020000400                __main_stack_end__ = .

.pstack         0x0000000020000400      0x400
                0x0000000020000400                . = ALIGN (0x8)
                0x0000000020000400                __process_stack_base__ = .
                0x0000000020000400                __main_thread_stack_base__ = .
                0x0000000020000800                . = (. + __process_stack_size__)
 *fill*         0x0000000020000400      0x400 
                0x0000000020000800                . = ALIGN (0x8)
                0x0000000020000800                __process_stack_end__ = .
                0x0000000020000800                __main_thread_stack_end__ = .

.vectors        0x0000000008000000      0x160
 *(.vectors)
 .vectors       0x0000000008000000      0x160 ./build/obj/vectors.o
                0x0000000008000000                _vectors

.xtors          0x0000000008000160        0x0
                0x0000000008000160                __init_array_base__ = .
 *(SORT_BY_NAME(.init_array.*))
 *(.init_array)
                0x0000000008000160                __init_array_end__ = .
                0x0000000008000160                __fini_array_base__ = .
 *(.fini_array)
 *(SORT_BY_NAME(.fini_array.*))
                0x0000000008000160                __fini_array_end__ = .

.text           0x0000000008000160     0xfd30
                0x0000000008000160                __text_base__ = .
 *(.text)
 .text          0x0000000008000160       0xd8 ./build/obj/crt0_v7m.o
                0x0000000008000160                _crt0_entry
 .text          0x0000000008000238        0x8 ./build/obj/vectors.o
                0x0000000008000238                Reset_Handler
                0x000000000800023a                VectorE8
                0x000000000800023a                Vector9C
                0x000000000800023a                VectorAC
                0x000000000800023a                DebugMon_Handler
                0x000000000800023a                Vector5C
                0x000000000800023a                Vector11C
                0x000000000800023a                HardFault_Handler
                0x000000000800023a                Vector8C
                0x000000000800023a                SysTick_Handler
                0x000000000800023a                VectorDC
                0x000000000800023a                PendSV_Handler
                0x000000000800023a                NMI_Handler
                0x000000000800023a                Vector110
                0x000000000800023a                VectorC8
                0x000000000800023a                Vector94
                0x000000000800023a                VectorA8
                0x000000000800023a                VectorB4
                0x000000000800023a                UsageFault_Handler
                0x000000000800023a                VectorEC
                0x000000000800023a                Vector40
                0x000000000800023a                VectorF8
                0x000000000800023a                Vector108
                0x000000000800023a                VectorBC
                0x000000000800023a                Vector150
                0x000000000800023a                Vector148
                0x000000000800023a                Vector118
                0x000000000800023a                Vector64
                0x000000000800023a                VectorCC
                0x000000000800023a                Vector54
                0x000000000800023a                Vector98
                0x000000000800023a                VectorD8
                0x000000000800023a                Vector138
                0x000000000800023a                Vector24
                0x000000000800023a                SecureFault_Handler
                0x000000000800023a                VectorD0
                0x000000000800023a                Vector140
                0x000000000800023a                VectorE4
                0x000000000800023a                VectorC0
                0x000000000800023a                Vector158
                0x000000000800023a                Vector134
                0x000000000800023a                VectorF0
                0x000000000800023a                Vector13C
                0x000000000800023a                Vector100
                0x000000000800023a                VectorE0
                0x000000000800023a                VectorF4
                0x000000000800023a                MemManage_Handler
                0x000000000800023a                VectorA0
                0x000000000800023a                VectorC4
                0x000000000800023a                Vector114
                0x000000000800023a                Vector60
                0x000000000800023a                Vector48
                0x000000000800023a                VectorD4
                0x000000000800023a                Vector4C
                0x000000000800023a                Vector144
                0x000000000800023a                Vector15C
                0x000000000800023a                Vector68
                0x000000000800023a                Vector20
                0x000000000800023a                Vector58
                0x000000000800023a                Vector88
                0x000000000800023a                Vector10C
                0x000000000800023a                Vector14C
                0x000000000800023a                BusFault_Handler
                0x000000000800023a                Vector50
                0x000000000800023a                Vector154
                0x000000000800023a                Vector44
                0x000000000800023a                Vector28
                0x000000000800023a                VectorB8
                0x000000000800023a                VectorFC
                0x000000000800023a                Vector34
                0x000000000800023a                VectorA4
                0x000000000800023e                _unhandled_exception
 .text          0x0000000008000240       0x2a ./build/obj/chcoreasm.o
                0x0000000008000240                __port_switch
                0x0000000008000250                __port_thread_start
                0x0000000008000262                __port_switch_from_isr
                0x0000000008000266                __port_exit_from_isr
 *fill*         0x000000000800026a        0x2 
 .text          0x000000000800026c       0xec /usr/local/Caskroom/gcc-arm-embedded/10-2020-q4-major/gcc-arm-none-eabi-10-2020-q4-major/bin/../lib/gcc/arm-none-eabi/10.2.1/../../../../arm-none-eabi/lib/thumb/v7-m/nofp/libg.a(lib_a-memcpy.o)
                0x000000000800026c                memcpy
 .text          0x0000000008000358      0x1bc /usr/local/Caskroom/gcc-arm-embedded/10-2020-q4-major/gcc-arm-none-eabi-10-2020-q4-major/bin/../lib/gcc/arm-none-eabi/10.2.1/../../../../arm-none-eabi/lib/thumb/v7-m/nofp/libg.a(lib_a-strcmp.o)
                0x0000000008000358                strcmp
 *(.text.*)
 *fill*         0x0000000008000514        0xc 
 .text._mmcsd_get_capacity
                0x0000000008000520       0x48 /var/folders/yg/3nxcpv294hvfwgl_w3cbnbrh0000gn/T//ch.elf.rjwPRd.ltrans0.ltrans.o
 *fill*         0x0000000008000568        0x8 
 .text.sdcSync  0x0000000008000570        0xc /var/folders/yg/3nxcpv294hvfwgl_w3cbnbrh0000gn/T//ch.elf.rjwPRd.ltrans0.ltrans.o
                0x0000000008000570                sdcSync
 *fill*         0x000000000800057c        0x4 
 .text.sdcGetInfo
                0x0000000008000580       0x18 /var/folders/yg/3nxcpv294hvfwgl_w3cbnbrh0000gn/T//ch.elf.rjwPRd.ltrans0.ltrans.o
                0x0000000008000580                sdcGetInfo
 *fill*         0x0000000008000598        0x8 
 .text._ctl.lto_priv.0
                0x00000000080005a0        0x4 /var/folders/yg/3nxcpv294hvfwgl_w3cbnbrh0000gn/T//ch.elf.rjwPRd.ltrans0.ltrans.o
                0x00000000080005a0                _ctl.lto_priv.0
 *fill*         0x00000000080005a4        0xc 
 .text.sduRequestsHook
                0x00000000080005b0       0x48 /var/folders/yg/3nxcpv294hvfwgl_w3cbnbrh0000gn/T//ch.elf.rjwPRd.ltrans0.ltrans.o
                0x00000000080005b0                sduRequestsHook
 *fill*         0x00000000080005f8        0x8 
 .text.sduInterruptTransmitted
                0x0000000008000600        0x4 /var/folders/yg/3nxcpv294hvfwgl_w3cbnbrh0000gn/T//ch.elf.rjwPRd.ltrans0.ltrans.o
 *fill*         0x0000000008000604        0xc 
 .text.set_address
                0x0000000008000610       0x28 /var/folders/yg/3nxcpv294hvfwgl_w3cbnbrh0000gn/T//ch.elf.rjwPRd.ltrans0.ltrans.o
 *fill*         0x0000000008000638        0x8 
 .text.usbStartTransmitI
                0x0000000008000640       0x94 /var/folders/yg/3nxcpv294hvfwgl_w3cbnbrh0000gn/T//ch.elf.rjwPRd.ltrans0.ltrans.o
 *fill*         0x00000000080006d4        0xc 
 .text.obnotify.lto_priv.0
                0x00000000080006e0       0x4c /var/folders/yg/3nxcpv294hvfwgl_w3cbnbrh0000gn/T//ch.elf.rjwPRd.ltrans0.ltrans.o
                0x00000000080006e0                obnotify.lto_priv.0
 *fill*         0x000000000800072c        0x4 
 .text._usb_ep0out
                0x0000000008000730       0x9c /var/folders/yg/3nxcpv294hvfwgl_w3cbnbrh0000gn/T//ch.elf.rjwPRd.ltrans0.ltrans.o
                0x0000000008000730                _usb_ep0out
 *fill*         0x00000000080007cc        0x4 
 .text.sdc_lld_collect_errors
                0x00000000080007d0       0x3c /var/folders/yg/3nxcpv294hvfwgl_w3cbnbrh0000gn/T//ch.elf.rjwPRd.ltrans0.ltrans.o
 *fill*         0x000000000800080c        0x4 
 .text.sdc_lld_error_cleanup
                0x0000000008000810       0x84 /var/folders/yg/3nxcpv294hvfwgl_w3cbnbrh0000gn/T//ch.elf.rjwPRd.ltrans0.ltrans.o
 *fill*         0x0000000008000894        0xc 
 .text.sdc_lld_is_card_inserted
                0x00000000080008a0       0x14 /var/folders/yg/3nxcpv294hvfwgl_w3cbnbrh0000gn/T//ch.elf.rjwPRd.ltrans0.ltrans.o
                0x00000000080008a0                sdc_lld_is_card_inserted
 *fill*         0x00000000080008b4        0xc 
 .text.__idle_thread.lto_priv.0
                0x00000000080008c0        0x4 /var/folders/yg/3nxcpv294hvfwgl_w3cbnbrh0000gn/T//ch.elf.rjwPRd.ltrans0.ltrans.o
                0x00000000080008c0                __idle_thread.lto_priv.0
 *fill*         0x00000000080008c4        0xc 
 .text.chCoreAllocFromTop
                0x00000000080008d0       0x3c /var/folders/yg/3nxcpv294hvfwgl_w3cbnbrh0000gn/T//ch.elf.rjwPRd.ltrans0.ltrans.o
                0x00000000080008d0                chCoreAllocFromTop
 *fill*         0x000000000800090c        0x4 
 .text.__ch_delegate_fn0
                0x0000000008000910        0xc /var/folders/yg/3nxcpv294hvfwgl_w3cbnbrh0000gn/T//ch.elf.rjwPRd.ltrans0.ltrans.o
                0x0000000008000910                __ch_delegate_fn0
 *fill*         0x000000000800091c        0x4 
 .text.__ch_delegate_fn1
                0x0000000008000920       0x14 /var/folders/yg/3nxcpv294hvfwgl_w3cbnbrh0000gn/T//ch.elf.rjwPRd.ltrans0.ltrans.o
                0x0000000008000920                __ch_delegate_fn1
 *fill*         0x0000000008000934        0xc 
 .text.__ch_delegate_fn2
                0x0000000008000940       0x1c /var/folders/yg/3nxcpv294hvfwgl_w3cbnbrh0000gn/T//ch.elf.rjwPRd.ltrans0.ltrans.o
                0x0000000008000940                __ch_delegate_fn2
 *fill*         0x000000000800095c        0x4 
 .text.__ch_delegate_fn3
                0x0000000008000960       0x20 /var/folders/yg/3nxcpv294hvfwgl_w3cbnbrh0000gn/T//ch.elf.rjwPRd.ltrans0.ltrans.o
                0x0000000008000960                __ch_delegate_fn3
 .text.__ch_delegate_fn4
                0x0000000008000980       0x24 /var/folders/yg/3nxcpv294hvfwgl_w3cbnbrh0000gn/T//ch.elf.rjwPRd.ltrans0.ltrans.o
                0x0000000008000980                __ch_delegate_fn4
 *fill*         0x00000000080009a4        0xc 
 .text.chCoreAllocAlignedI.lto_priv.0
                0x00000000080009b0       0x20 /var/folders/yg/3nxcpv294hvfwgl_w3cbnbrh0000gn/T//ch.elf.rjwPRd.ltrans0.ltrans.o
                0x00000000080009b0                chCoreAllocAlignedI.lto_priv.0
 .text.get_descriptor.lto_priv.0
                0x00000000080009d0       0x34 /var/folders/yg/3nxcpv294hvfwgl_w3cbnbrh0000gn/T//ch.elf.rjwPRd.ltrans0.ltrans.o
                0x00000000080009d0                get_descriptor.lto_priv.0
 *fill*         0x0000000008000a04        0xc 
 .text.sof_handler.lto_priv.0
                0x0000000008000a10       0xa0 /var/folders/yg/3nxcpv294hvfwgl_w3cbnbrh0000gn/T//ch.elf.rjwPRd.ltrans0.ltrans.o
                0x0000000008000a10                sof_handler.lto_priv.0
 .text.test_stream_putchar
                0x0000000008000ab0       0x18 /var/folders/yg/3nxcpv294hvfwgl_w3cbnbrh0000gn/T//ch.elf.rjwPRd.ltrans0.ltrans.o
 *fill*         0x0000000008000ac8        0x8 
 .text.rt_test_002_001_execute
                0x0000000008000ad0      0x11c /var/folders/yg/3nxcpv294hvfwgl_w3cbnbrh0000gn/T//ch.elf.rjwPRd.ltrans0.ltrans.o
 *fill*         0x0000000008000bec        0x4 
 .text.rt_test_002_003_execute
                0x0000000008000bf0       0x24 /var/folders/yg/3nxcpv294hvfwgl_w3cbnbrh0000gn/T//ch.elf.rjwPRd.ltrans0.ltrans.o
 *fill*         0x0000000008000c14        0xc 
 .text.rt_test_003_001_execute
                0x0000000008000c20       0x1c /var/folders/yg/3nxcpv294hvfwgl_w3cbnbrh0000gn/T//ch.elf.rjwPRd.ltrans0.ltrans.o
 *fill*         0x0000000008000c3c        0x4 
 .text.rt_test_003_002_execute
                0x0000000008000c40        0xc /var/folders/yg/3nxcpv294hvfwgl_w3cbnbrh0000gn/T//ch.elf.rjwPRd.ltrans0.ltrans.o
 *fill*         0x0000000008000c4c        0x4 
 .text.thread   0x0000000008000c50       0x1c /var/folders/yg/3nxcpv294hvfwgl_w3cbnbrh0000gn/T//ch.elf.rjwPRd.ltrans0.ltrans.o
 *fill*         0x0000000008000c6c        0x4 
 .text.rt_test_006_001_setup
                0x0000000008000c70        0xc /var/folders/yg/3nxcpv294hvfwgl_w3cbnbrh0000gn/T//ch.elf.rjwPRd.ltrans0.ltrans.o
 *fill*         0x0000000008000c7c        0x4 
 .text.rt_test_007_001_setup
                0x0000000008000c80       0x10 /var/folders/yg/3nxcpv294hvfwgl_w3cbnbrh0000gn/T//ch.elf.rjwPRd.ltrans0.ltrans.o
 .text.rt_test_007_005_setup
                0x0000000008000c90       0x10 /var/folders/yg/3nxcpv294hvfwgl_w3cbnbrh0000gn/T//ch.elf.rjwPRd.ltrans0.ltrans.o
 .text.rt_test_007_002_setup
                0x0000000008000ca0       0x10 /var/folders/yg/3nxcpv294hvfwgl_w3cbnbrh0000gn/T//ch.elf.rjwPRd.ltrans0.ltrans.o
 .text.rt_test_007_003_setup
                0x0000000008000cb0       0x10 /var/folders/yg/3nxcpv294hvfwgl_w3cbnbrh0000gn/T//ch.elf.rjwPRd.ltrans0.ltrans.o
 .text.rt_test_007_004_setup
                0x0000000008000cc0       0x10 /var/folders/yg/3nxcpv294hvfwgl_w3cbnbrh0000gn/T//ch.elf.rjwPRd.ltrans0.ltrans.o
 .text.rt_test_008_005_setup
                0x0000000008000cd0       0x10 /var/folders/yg/3nxcpv294hvfwgl_w3cbnbrh0000gn/T//ch.elf.rjwPRd.ltrans0.ltrans.o
 .text.rt_test_008_001_setup
                0x0000000008000ce0       0x10 /var/folders/yg/3nxcpv294hvfwgl_w3cbnbrh0000gn/T//ch.elf.rjwPRd.ltrans0.ltrans.o
 .text.rt_test_008_004_setup
                0x0000000008000cf0       0x1c /var/folders/yg/3nxcpv294hvfwgl_w3cbnbrh0000gn/T//ch.elf.rjwPRd.ltrans0.ltrans.o
 *fill*         0x0000000008000d0c        0x4 
 .text.rt_test_008_008_setup
                0x0000000008000d10       0x1c /var/folders/yg/3nxcpv294hvfwgl_w3cbnbrh0000gn/T//ch.elf.rjwPRd.ltrans0.ltrans.o
 *fill*         0x0000000008000d2c        0x4 
 .text.rt_test_008_007_setup
                0x0000000008000d30       0x1c /var/folders/yg/3nxcpv294hvfwgl_w3cbnbrh0000gn/T//ch.elf.rjwPRd.ltrans0.ltrans.o
 *fill*         0x0000000008000d4c        0x4 
 .text.rt_test_008_009_setup
                0x0000000008000d50       0x28 /var/folders/yg/3nxcpv294hvfwgl_w3cbnbrh0000gn/T//ch.elf.rjwPRd.ltrans0.ltrans.o
 *fill*         0x0000000008000d78        0x8 
 .text.h1       0x0000000008000d80       0x1c /var/folders/yg/3nxcpv294hvfwgl_w3cbnbrh0000gn/T//ch.elf.rjwPRd.ltrans0.ltrans.o
 *fill*         0x0000000008000d9c        0x4 
 .text.h2       0x0000000008000da0       0x1c /var/folders/yg/3nxcpv294hvfwgl_w3cbnbrh0000gn/T//ch.elf.rjwPRd.ltrans0.ltrans.o
 *fill*         0x0000000008000dbc        0x4 
 .text.h3       0x0000000008000dc0       0x1c /var/folders/yg/3nxcpv294hvfwgl_w3cbnbrh0000gn/T//ch.elf.rjwPRd.ltrans0.ltrans.o
 *fill*         0x0000000008000ddc        0x4 
 .text.rt_test_010_001_execute
                0x0000000008000de0       0xfc /var/folders/yg/3nxcpv294hvfwgl_w3cbnbrh0000gn/T//ch.elf.rjwPRd.ltrans0.ltrans.o
 *fill*         0x0000000008000edc        0x4 
 .text.rt_test_010_002_setup
                0x0000000008000ee0       0x18 /var/folders/yg/3nxcpv294hvfwgl_w3cbnbrh0000gn/T//ch.elf.rjwPRd.ltrans0.ltrans.o
 *fill*         0x0000000008000ef8        0x8 
 .text.rt_test_010_003_setup
                0x0000000008000f00       0x18 /var/folders/yg/3nxcpv294hvfwgl_w3cbnbrh0000gn/T//ch.elf.rjwPRd.ltrans0.ltrans.o
 *fill*         0x0000000008000f18        0x8 
 .text.rt_test_010_004_setup
                0x0000000008000f20       0x18 /var/folders/yg/3nxcpv294hvfwgl_w3cbnbrh0000gn/T//ch.elf.rjwPRd.ltrans0.ltrans.o
 *fill*         0x0000000008000f38        0x8 
 .text.rt_test_010_005_setup
                0x0000000008000f40       0x18 /var/folders/yg/3nxcpv294hvfwgl_w3cbnbrh0000gn/T//ch.elf.rjwPRd.ltrans0.ltrans.o
 *fill*         0x0000000008000f58        0x8 
 .text.rt_test_010_006_setup
                0x0000000008000f60       0x18 /var/folders/yg/3nxcpv294hvfwgl_w3cbnbrh0000gn/T//ch.elf.rjwPRd.ltrans0.ltrans.o
 *fill*         0x0000000008000f78        0x8 
 .text.rt_test_010_007_setup
                0x0000000008000f80       0x28 /var/folders/yg/3nxcpv294hvfwgl_w3cbnbrh0000gn/T//ch.elf.rjwPRd.ltrans0.ltrans.o
 *fill*         0x0000000008000fa8        0x8 
 .text.dyn_thread1
                0x0000000008000fb0       0x1c /var/folders/yg/3nxcpv294hvfwgl_w3cbnbrh0000gn/T//ch.elf.rjwPRd.ltrans0.ltrans.o
                0x0000000008000fb0                dyn_thread1.lto_priv.0
 *fill*         0x0000000008000fcc        0x4 
 .text.rt_test_011_001_setup
                0x0000000008000fd0       0x34 /var/folders/yg/3nxcpv294hvfwgl_w3cbnbrh0000gn/T//ch.elf.rjwPRd.ltrans0.ltrans.o
 *fill*         0x0000000008001004        0xc 
 .text.rt_test_011_002_setup
                0x0000000008001010       0x18 /var/folders/yg/3nxcpv294hvfwgl_w3cbnbrh0000gn/T//ch.elf.rjwPRd.ltrans0.ltrans.o
 *fill*         0x0000000008001028        0x8 
 .text.tmo.lto_priv.0
                0x0000000008001030        0x4 /var/folders/yg/3nxcpv294hvfwgl_w3cbnbrh0000gn/T//ch.elf.rjwPRd.ltrans0.ltrans.o
                0x0000000008001030                tmo.lto_priv.0
 *fill*         0x0000000008001034        0xc 
 .text.__sch_wakeup.lto_priv.0
                0x0000000008001040       0x68 /var/folders/yg/3nxcpv294hvfwgl_w3cbnbrh0000gn/T//ch.elf.rjwPRd.ltrans0.ltrans.o
                0x0000000008001040                __sch_wakeup.lto_priv.0
 *fill*         0x00000000080010a8        0x8 
 .text.chMtxUnlockS
                0x00000000080010b0       0x68 /var/folders/yg/3nxcpv294hvfwgl_w3cbnbrh0000gn/T//ch.elf.rjwPRd.ltrans0.ltrans.o
 *fill*         0x0000000008001118        0x8 
 .text.sdc_lld_wait_transaction_end
                0x0000000008001120       0xb8 /var/folders/yg/3nxcpv294hvfwgl_w3cbnbrh0000gn/T//ch.elf.rjwPRd.ltrans0.ltrans.o
 *fill*         0x00000000080011d8        0x8 
 .text.sdc_lld_read_aligned.part.0
                0x00000000080011e0       0xac /var/folders/yg/3nxcpv294hvfwgl_w3cbnbrh0000gn/T//ch.elf.rjwPRd.ltrans0.ltrans.o
 *fill*         0x000000000800128c        0x4 
 .text.sdc_lld_write_aligned.part.0
                0x0000000008001290       0xc4 /var/folders/yg/3nxcpv294hvfwgl_w3cbnbrh0000gn/T//ch.elf.rjwPRd.ltrans0.ltrans.o
 *fill*         0x0000000008001354        0xc 
 .text.chThdYield
                0x0000000008001360       0x50 /var/folders/yg/3nxcpv294hvfwgl_w3cbnbrh0000gn/T//ch.elf.rjwPRd.ltrans0.ltrans.o
 .text.chMsgSend
                0x00000000080013b0       0x70 /var/folders/yg/3nxcpv294hvfwgl_w3cbnbrh0000gn/T//ch.elf.rjwPRd.ltrans0.ltrans.o
 .text.msg_thread1
                0x0000000008001420       0x28 /var/folders/yg/3nxcpv294hvfwgl_w3cbnbrh0000gn/T//ch.elf.rjwPRd.ltrans0.ltrans.o
 *fill*         0x0000000008001448        0x8 
 .text.thread1.lto_priv.1
                0x0000000008001450       0x70 /var/folders/yg/3nxcpv294hvfwgl_w3cbnbrh0000gn/T//ch.elf.rjwPRd.ltrans0.ltrans.o
 .text.bmk_thread3.lto_priv.0
                0x00000000080014c0       0x88 /var/folders/yg/3nxcpv294hvfwgl_w3cbnbrh0000gn/T//ch.elf.rjwPRd.ltrans0.ltrans.o
                0x00000000080014c0                bmk_thread3.lto_priv.0
 *fill*         0x0000000008001548        0x8 
 .text.bmk_thread4.lto_priv.0
                0x0000000008001550       0x3c /var/folders/yg/3nxcpv294hvfwgl_w3cbnbrh0000gn/T//ch.elf.rjwPRd.ltrans0.ltrans.o
                0x0000000008001550                bmk_thread4.lto_priv.0
 *fill*         0x000000000800158c        0x4 
 .text.bmk_thread7.lto_priv.0
                0x0000000008001590       0x6c /var/folders/yg/3nxcpv294hvfwgl_w3cbnbrh0000gn/T//ch.elf.rjwPRd.ltrans0.ltrans.o
                0x0000000008001590                bmk_thread7.lto_priv.0
 *fill*         0x00000000080015fc        0x4 
 .text.bmk_thread8.lto_priv.0
                0x0000000008001600       0x74 /var/folders/yg/3nxcpv294hvfwgl_w3cbnbrh0000gn/T//ch.elf.rjwPRd.ltrans0.ltrans.o
                0x0000000008001600                bmk_thread8.lto_priv.0
 *fill*         0x0000000008001674        0xc 
 .text.parse_arguments
                0x0000000008001680       0x54 /var/folders/yg/3nxcpv294hvfwgl_w3cbnbrh0000gn/T//ch.elf.rjwPRd.ltrans0.ltrans.o
 *fill*         0x00000000080016d4        0xc 
 .text.test_rt  0x00000000080016e0       0x1c /var/folders/yg/3nxcpv294hvfwgl_w3cbnbrh0000gn/T//ch.elf.rjwPRd.ltrans0.ltrans.o
 *fill*         0x00000000080016fc        0x4 
 .text.test_oslib
                0x0000000008001700       0x1c /var/folders/yg/3nxcpv294hvfwgl_w3cbnbrh0000gn/T//ch.elf.rjwPRd.ltrans0.ltrans.o
 *fill*         0x000000000800171c        0x4 
 .text.rt_test_007_001_teardown
                0x0000000008001720        0xc /var/folders/yg/3nxcpv294hvfwgl_w3cbnbrh0000gn/T//ch.elf.rjwPRd.ltrans0.ltrans.o
 *fill*         0x000000000800172c        0x4 
 .text.rt_test_007_005_execute
                0x0000000008001730       0x80 /var/folders/yg/3nxcpv294hvfwgl_w3cbnbrh0000gn/T//ch.elf.rjwPRd.ltrans0.ltrans.o
 .text.__cpu_init
                0x00000000080017b0        0x4 /var/folders/yg/3nxcpv294hvfwgl_w3cbnbrh0000gn/T//ch.elf.rjwPRd.ltrans0.ltrans.o
                0x00000000080017b0                __cpu_init
 *fill*         0x00000000080017b4        0xc 
 .text.__late_init
                0x00000000080017c0        0x4 /var/folders/yg/3nxcpv294hvfwgl_w3cbnbrh0000gn/T//ch.elf.rjwPRd.ltrans0.ltrans.o
                0x00000000080017c0                __late_init
 *fill*         0x00000000080017c4        0xc 
 .text.__default_exit
                0x00000000080017d0        0x4 /var/folders/yg/3nxcpv294hvfwgl_w3cbnbrh0000gn/T//ch.elf.rjwPRd.ltrans0.ltrans.o
                0x00000000080017d0                __default_exit
 *fill*         0x00000000080017d4        0xc 
 .text.__init_ram_areas
                0x00000000080017e0       0x6c /var/folders/yg/3nxcpv294hvfwgl_w3cbnbrh0000gn/T//ch.elf.rjwPRd.ltrans0.ltrans.o
                0x00000000080017e0                __init_ram_areas
 *fill*         0x000000000800184c        0x4 
 .text.sdc_lld_sync
                0x0000000008001850        0x4 /var/folders/yg/3nxcpv294hvfwgl_w3cbnbrh0000gn/T//ch.elf.rjwPRd.ltrans0.ltrans.o
                0x0000000008001850                sdc_lld_sync
                0x0000000008001850                sdc_lld_is_write_protected
 *fill*         0x0000000008001854        0xc 
 .text.usbStartReceiveI
                0x0000000008001860       0x5c /var/folders/yg/3nxcpv294hvfwgl_w3cbnbrh0000gn/T//ch.elf.rjwPRd.ltrans0.ltrans.o
                0x0000000008001860                usbStartReceiveI
 *fill*         0x00000000080018bc        0x4 
 .text.ibnotify.lto_priv.0
                0x00000000080018c0       0x50 /var/folders/yg/3nxcpv294hvfwgl_w3cbnbrh0000gn/T//ch.elf.rjwPRd.ltrans0.ltrans.o
                0x00000000080018c0                ibnotify.lto_priv.0
 .text._usb_ep0setup
                0x0000000008001910      0x3fc /var/folders/yg/3nxcpv294hvfwgl_w3cbnbrh0000gn/T//ch.elf.rjwPRd.ltrans0.ltrans.o
                0x0000000008001910                _usb_ep0setup
 *fill*         0x0000000008001d0c        0x4 
 .text._usb_ep0in
                0x0000000008001d10       0xc8 /var/folders/yg/3nxcpv294hvfwgl_w3cbnbrh0000gn/T//ch.elf.rjwPRd.ltrans0.ltrans.o
                0x0000000008001d10                _usb_ep0in
 *fill*         0x0000000008001dd8        0x8 
 .text.Vector6C
                0x0000000008001de0       0x70 /var/folders/yg/3nxcpv294hvfwgl_w3cbnbrh0000gn/T//ch.elf.rjwPRd.ltrans0.ltrans.o
                0x0000000008001de0                Vector6C
 .text.Vector70
                0x0000000008001e50       0x74 /var/folders/yg/3nxcpv294hvfwgl_w3cbnbrh0000gn/T//ch.elf.rjwPRd.ltrans0.ltrans.o
                0x0000000008001e50                Vector70
 *fill*         0x0000000008001ec4        0xc 
 .text.Vector74
                0x0000000008001ed0       0x74 /var/folders/yg/3nxcpv294hvfwgl_w3cbnbrh0000gn/T//ch.elf.rjwPRd.ltrans0.ltrans.o
                0x0000000008001ed0                Vector74
 *fill*         0x0000000008001f44        0xc 
 .text.Vector78
                0x0000000008001f50       0x74 /var/folders/yg/3nxcpv294hvfwgl_w3cbnbrh0000gn/T//ch.elf.rjwPRd.ltrans0.ltrans.o
                0x0000000008001f50                Vector78
 *fill*         0x0000000008001fc4        0xc 
 .text.Vector7C
                0x0000000008001fd0       0x74 /var/folders/yg/3nxcpv294hvfwgl_w3cbnbrh0000gn/T//ch.elf.rjwPRd.ltrans0.ltrans.o
                0x0000000008001fd0                Vector7C
 *fill*         0x0000000008002044        0xc 
 .text.Vector80
                0x0000000008002050       0x74 /var/folders/yg/3nxcpv294hvfwgl_w3cbnbrh0000gn/T//ch.elf.rjwPRd.ltrans0.ltrans.o
                0x0000000008002050                Vector80
 *fill*         0x00000000080020c4        0xc 
 .text.Vector84
                0x00000000080020d0       0x78 /var/folders/yg/3nxcpv294hvfwgl_w3cbnbrh0000gn/T//ch.elf.rjwPRd.ltrans0.ltrans.o
                0x00000000080020d0                Vector84
 *fill*         0x0000000008002148        0x8 
 .text.Vector120
                0x0000000008002150       0x70 /var/folders/yg/3nxcpv294hvfwgl_w3cbnbrh0000gn/T//ch.elf.rjwPRd.ltrans0.ltrans.o
                0x0000000008002150                Vector120
 .text.Vector124
                0x00000000080021c0       0x74 /var/folders/yg/3nxcpv294hvfwgl_w3cbnbrh0000gn/T//ch.elf.rjwPRd.ltrans0.ltrans.o
                0x00000000080021c0                Vector124
 *fill*         0x0000000008002234        0xc 
 .text.Vector128
                0x0000000008002240       0x74 /var/folders/yg/3nxcpv294hvfwgl_w3cbnbrh0000gn/T//ch.elf.rjwPRd.ltrans0.ltrans.o
                0x0000000008002240                Vector128
 *fill*         0x00000000080022b4        0xc 
 .text.Vector12C
                0x00000000080022c0       0x74 /var/folders/yg/3nxcpv294hvfwgl_w3cbnbrh0000gn/T//ch.elf.rjwPRd.ltrans0.ltrans.o
                0x00000000080022c0                Vector12C
 *fill*         0x0000000008002334        0xc 
 .text.Vector130
                0x0000000008002340       0x74 /var/folders/yg/3nxcpv294hvfwgl_w3cbnbrh0000gn/T//ch.elf.rjwPRd.ltrans0.ltrans.o
                0x0000000008002340                Vector130
 *fill*         0x00000000080023b4        0xc 
 .text.Vector104
                0x00000000080023c0       0x90 /var/folders/yg/3nxcpv294hvfwgl_w3cbnbrh0000gn/T//ch.elf.rjwPRd.ltrans0.ltrans.o
                0x00000000080023c0                Vector104
 .text.VectorB0
                0x0000000008002450      0x194 /var/folders/yg/3nxcpv294hvfwgl_w3cbnbrh0000gn/T//ch.elf.rjwPRd.ltrans0.ltrans.o
                0x0000000008002450                VectorB0
 *fill*         0x00000000080025e4        0xc 
 .text.usb_lld_init_endpoint
                0x00000000080025f0       0xec /var/folders/yg/3nxcpv294hvfwgl_w3cbnbrh0000gn/T//ch.elf.rjwPRd.ltrans0.ltrans.o
                0x00000000080025f0                usb_lld_init_endpoint
 *fill*         0x00000000080026dc        0x4 
 .text.Vector90
                0x00000000080026e0      0x3a0 /var/folders/yg/3nxcpv294hvfwgl_w3cbnbrh0000gn/T//ch.elf.rjwPRd.ltrans0.ltrans.o
                0x00000000080026e0                Vector90
 .text.__early_init
                0x0000000008002a80       0x7c /var/folders/yg/3nxcpv294hvfwgl_w3cbnbrh0000gn/T//ch.elf.rjwPRd.ltrans0.ltrans.o
                0x0000000008002a80                __early_init
 *fill*         0x0000000008002afc        0x4 
 .text.chVTDoResetI
                0x0000000008002b00       0x84 /var/folders/yg/3nxcpv294hvfwgl_w3cbnbrh0000gn/T//ch.elf.rjwPRd.ltrans0.ltrans.o
                0x0000000008002b00                chVTDoResetI
 *fill*         0x0000000008002b84        0xc 
 .text.chSchGoSleepTimeoutS
                0x0000000008002b90       0x7c /var/folders/yg/3nxcpv294hvfwgl_w3cbnbrh0000gn/T//ch.elf.rjwPRd.ltrans0.ltrans.o
                0x0000000008002b90                chSchGoSleepTimeoutS
 *fill*         0x0000000008002c0c        0x4 
 .text.obqPutTimeout
                0x0000000008002c10       0xa4 /var/folders/yg/3nxcpv294hvfwgl_w3cbnbrh0000gn/T//ch.elf.rjwPRd.ltrans0.ltrans.o
 *fill*         0x0000000008002cb4        0xc 
 .text._put.lto_priv.0
                0x0000000008002cc0        0xc /var/folders/yg/3nxcpv294hvfwgl_w3cbnbrh0000gn/T//ch.elf.rjwPRd.ltrans0.ltrans.o
                0x0000000008002cc0                _put.lto_priv.0
 *fill*         0x0000000008002ccc        0x4 
 .text._putt.lto_priv.0
                0x0000000008002cd0        0x8 /var/folders/yg/3nxcpv294hvfwgl_w3cbnbrh0000gn/T//ch.elf.rjwPRd.ltrans0.ltrans.o
                0x0000000008002cd0                _putt.lto_priv.0
 *fill*         0x0000000008002cd8        0x8 
 .text.ibqGetTimeout
                0x0000000008002ce0       0xa4 /var/folders/yg/3nxcpv294hvfwgl_w3cbnbrh0000gn/T//ch.elf.rjwPRd.ltrans0.ltrans.o
 *fill*         0x0000000008002d84        0xc 
 .text._get.lto_priv.0
                0x0000000008002d90        0xc /var/folders/yg/3nxcpv294hvfwgl_w3cbnbrh0000gn/T//ch.elf.rjwPRd.ltrans0.ltrans.o
                0x0000000008002d90                _get.lto_priv.0
 *fill*         0x0000000008002d9c        0x4 
 .text._gett.lto_priv.0
                0x0000000008002da0        0x8 /var/folders/yg/3nxcpv294hvfwgl_w3cbnbrh0000gn/T//ch.elf.rjwPRd.ltrans0.ltrans.o
                0x0000000008002da0                _gett.lto_priv.0
 *fill*         0x0000000008002da8        0x8 
 .text.ibqReadTimeout
                0x0000000008002db0      0x134 /var/folders/yg/3nxcpv294hvfwgl_w3cbnbrh0000gn/T//ch.elf.rjwPRd.ltrans0.ltrans.o
 *fill*         0x0000000008002ee4        0xc 
 .text._read.lto_priv.0
                0x0000000008002ef0        0xc /var/folders/yg/3nxcpv294hvfwgl_w3cbnbrh0000gn/T//ch.elf.rjwPRd.ltrans0.ltrans.o
                0x0000000008002ef0                _read.lto_priv.0
 *fill*         0x0000000008002efc        0x4 
 .text._readt.lto_priv.0
                0x0000000008002f00        0x8 /var/folders/yg/3nxcpv294hvfwgl_w3cbnbrh0000gn/T//ch.elf.rjwPRd.ltrans0.ltrans.o
                0x0000000008002f00                _readt.lto_priv.0
 *fill*         0x0000000008002f08        0x8 
 .text.obqWriteTimeout
                0x0000000008002f10      0x10c /var/folders/yg/3nxcpv294hvfwgl_w3cbnbrh0000gn/T//ch.elf.rjwPRd.ltrans0.ltrans.o
 *fill*         0x000000000800301c        0x4 
 .text._write.lto_priv.0
                0x0000000008003020        0xc /var/folders/yg/3nxcpv294hvfwgl_w3cbnbrh0000gn/T//ch.elf.rjwPRd.ltrans0.ltrans.o
                0x0000000008003020                _write.lto_priv.0
 *fill*         0x000000000800302c        0x4 
 .text._writet.lto_priv.0
                0x0000000008003030        0x8 /var/folders/yg/3nxcpv294hvfwgl_w3cbnbrh0000gn/T//ch.elf.rjwPRd.ltrans0.ltrans.o
                0x0000000008003030                _writet.lto_priv.0
 *fill*         0x0000000008003038        0x8 
 .text._sdc_wait_for_transfer_state
                0x0000000008003040       0x6c /var/folders/yg/3nxcpv294hvfwgl_w3cbnbrh0000gn/T//ch.elf.rjwPRd.ltrans0.ltrans.o
                0x0000000008003040                _sdc_wait_for_transfer_state
 *fill*         0x00000000080030ac        0x4 
 .text.sdcDisconnect
                0x00000000080030b0       0x3c /var/folders/yg/3nxcpv294hvfwgl_w3cbnbrh0000gn/T//ch.elf.rjwPRd.ltrans0.ltrans.o
                0x00000000080030b0                sdcDisconnect
 *fill*         0x00000000080030ec        0x4 
 .text.sdcRead  0x00000000080030f0       0xa8 /var/folders/yg/3nxcpv294hvfwgl_w3cbnbrh0000gn/T//ch.elf.rjwPRd.ltrans0.ltrans.o
                0x00000000080030f0                sdcRead
 *fill*         0x0000000008003198        0x8 
 .text.sdcWrite
                0x00000000080031a0       0xb0 /var/folders/yg/3nxcpv294hvfwgl_w3cbnbrh0000gn/T//ch.elf.rjwPRd.ltrans0.ltrans.o
                0x00000000080031a0                sdcWrite
 .text.sdc_lld_read_special
                0x0000000008003250       0xd0 /var/folders/yg/3nxcpv294hvfwgl_w3cbnbrh0000gn/T//ch.elf.rjwPRd.ltrans0.ltrans.o
 .text.rt_test_004_001_execute
                0x0000000008003320       0xa8 /var/folders/yg/3nxcpv294hvfwgl_w3cbnbrh0000gn/T//ch.elf.rjwPRd.ltrans0.ltrans.o
 *fill*         0x00000000080033c8        0x8 
 .text.rt_test_005_001_execute
                0x00000000080033d0       0xf0 /var/folders/yg/3nxcpv294hvfwgl_w3cbnbrh0000gn/T//ch.elf.rjwPRd.ltrans0.ltrans.o
 .text.rt_test_010_006_execute
                0x00000000080034c0       0xf0 /var/folders/yg/3nxcpv294hvfwgl_w3cbnbrh0000gn/T//ch.elf.rjwPRd.ltrans0.ltrans.o
 .text.msg_loop_test
                0x00000000080035b0       0xb8 /var/folders/yg/3nxcpv294hvfwgl_w3cbnbrh0000gn/T//ch.elf.rjwPRd.ltrans0.ltrans.o
 *fill*         0x0000000008003668        0x8 
 .text.sdcConnect
                0x0000000008003670      0x4cc /var/folders/yg/3nxcpv294hvfwgl_w3cbnbrh0000gn/T//ch.elf.rjwPRd.ltrans0.ltrans.o
                0x0000000008003670                sdcConnect
 *fill*         0x0000000008003b3c        0x4 
 .text.test_wait_tick
                0x0000000008003b40       0x74 /var/folders/yg/3nxcpv294hvfwgl_w3cbnbrh0000gn/T//ch.elf.rjwPRd.ltrans0.ltrans.o
                0x0000000008003b40                test_wait_tick
 *fill*         0x0000000008003bb4        0xc 
 .text.__sch_reschedule_ahead.lto_priv.0
                0x0000000008003bc0       0x40 /var/folders/yg/3nxcpv294hvfwgl_w3cbnbrh0000gn/T//ch.elf.rjwPRd.ltrans0.ltrans.o
                0x0000000008003bc0                chSchDoPreemption
                0x0000000008003bc0                __sch_reschedule_ahead.lto_priv.0
 .text.vtcb     0x0000000008003c00       0x50 /var/folders/yg/3nxcpv294hvfwgl_w3cbnbrh0000gn/T//ch.elf.rjwPRd.ltrans0.ltrans.o
 .text.rt_test_002_002_execute
                0x0000000008003c50      0x13c /var/folders/yg/3nxcpv294hvfwgl_w3cbnbrh0000gn/T//ch.elf.rjwPRd.ltrans0.ltrans.o
 *fill*         0x0000000008003d8c        0x4 
 .text.rt_test_005_003_execute
                0x0000000008003d90       0xbc /var/folders/yg/3nxcpv294hvfwgl_w3cbnbrh0000gn/T//ch.elf.rjwPRd.ltrans0.ltrans.o
 *fill*         0x0000000008003e4c        0x4 
 .text.rt_test_005_004_execute
                0x0000000008003e50      0x108 /var/folders/yg/3nxcpv294hvfwgl_w3cbnbrh0000gn/T//ch.elf.rjwPRd.ltrans0.ltrans.o
 *fill*         0x0000000008003f58        0x8 
 .text.thread1.lto_priv.0
                0x0000000008003f60       0x6c /var/folders/yg/3nxcpv294hvfwgl_w3cbnbrh0000gn/T//ch.elf.rjwPRd.ltrans0.ltrans.o
 *fill*         0x0000000008003fcc        0x4 
 .text.thread2  0x0000000008003fd0       0x70 /var/folders/yg/3nxcpv294hvfwgl_w3cbnbrh0000gn/T//ch.elf.rjwPRd.ltrans0.ltrans.o
 .text.evt_thread3
                0x0000000008004040       0x80 /var/folders/yg/3nxcpv294hvfwgl_w3cbnbrh0000gn/T//ch.elf.rjwPRd.ltrans0.ltrans.o
 .text.chSchWakeupS
                0x00000000080040c0       0x5c /var/folders/yg/3nxcpv294hvfwgl_w3cbnbrh0000gn/T//ch.elf.rjwPRd.ltrans0.ltrans.o
                0x00000000080040c0                chSchWakeupS
 *fill*         0x000000000800411c        0x4 
 .text.rt_test_007_001_execute
                0x0000000008004120      0x110 /var/folders/yg/3nxcpv294hvfwgl_w3cbnbrh0000gn/T//ch.elf.rjwPRd.ltrans0.ltrans.o
 .text.thread3  0x0000000008004230       0x7c /var/folders/yg/3nxcpv294hvfwgl_w3cbnbrh0000gn/T//ch.elf.rjwPRd.ltrans0.ltrans.o
 *fill*         0x00000000080042ac        0x4 
 .text.bmk_thread1
                0x00000000080042b0       0x6c /var/folders/yg/3nxcpv294hvfwgl_w3cbnbrh0000gn/T//ch.elf.rjwPRd.ltrans0.ltrans.o
 *fill*         0x000000000800431c        0x4 
 .text.chThdCreateSuspendedI
                0x0000000008004320       0x8c /var/folders/yg/3nxcpv294hvfwgl_w3cbnbrh0000gn/T//ch.elf.rjwPRd.ltrans0.ltrans.o
                0x0000000008004320                chThdCreateSuspendedI
 *fill*         0x00000000080043ac        0x4 
 .text.chThdExit
                0x00000000080043b0       0x88 /var/folders/yg/3nxcpv294hvfwgl_w3cbnbrh0000gn/T//ch.elf.rjwPRd.ltrans0.ltrans.o
                0x00000000080043b0                chThdExit
 *fill*         0x0000000008004438        0x8 
 .text.chThdExitS
                0x0000000008004440       0x80 /var/folders/yg/3nxcpv294hvfwgl_w3cbnbrh0000gn/T//ch.elf.rjwPRd.ltrans0.ltrans.o
                0x0000000008004440                chThdExitS
 .text.chTMStartMeasurementX
                0x00000000080044c0        0xc /var/folders/yg/3nxcpv294hvfwgl_w3cbnbrh0000gn/T//ch.elf.rjwPRd.ltrans0.ltrans.o
                0x00000000080044c0                chTMStartMeasurementX
 *fill*         0x00000000080044cc        0x4 
 .text.chTMStopMeasurementX
                0x00000000080044d0       0x44 /var/folders/yg/3nxcpv294hvfwgl_w3cbnbrh0000gn/T//ch.elf.rjwPRd.ltrans0.ltrans.o
                0x00000000080044d0                chTMStopMeasurementX
 *fill*         0x0000000008004514        0xc 
 .text.chSemSignalI
                0x0000000008004520       0x38 /var/folders/yg/3nxcpv294hvfwgl_w3cbnbrh0000gn/T//ch.elf.rjwPRd.ltrans0.ltrans.o
                0x0000000008004520                chSemSignalI
 *fill*         0x0000000008004558        0x8 
 .text.thread4  0x0000000008004560       0x34 /var/folders/yg/3nxcpv294hvfwgl_w3cbnbrh0000gn/T//ch.elf.rjwPRd.ltrans0.ltrans.o
 *fill*         0x0000000008004594        0xc 
 .text.rt_test_007_006_execute
                0x00000000080045a0      0x210 /var/folders/yg/3nxcpv294hvfwgl_w3cbnbrh0000gn/T//ch.elf.rjwPRd.ltrans0.ltrans.o
 .text.chMtxLockS
                0x00000000080047b0       0xe0 /var/folders/yg/3nxcpv294hvfwgl_w3cbnbrh0000gn/T//ch.elf.rjwPRd.ltrans0.ltrans.o
                0x00000000080047b0                chMtxLockS
 .text.thread4B
                0x0000000008004890       0x4c /var/folders/yg/3nxcpv294hvfwgl_w3cbnbrh0000gn/T//ch.elf.rjwPRd.ltrans0.ltrans.o
 *fill*         0x00000000080048dc        0x4 
 .text.chMtxUnlock
                0x00000000080048e0       0x84 /var/folders/yg/3nxcpv294hvfwgl_w3cbnbrh0000gn/T//ch.elf.rjwPRd.ltrans0.ltrans.o
                0x00000000080048e0                chMtxUnlock
 *fill*         0x0000000008004964        0xc 
 .text.thread1.lto_priv.2
                0x0000000008004970       0x3c /var/folders/yg/3nxcpv294hvfwgl_w3cbnbrh0000gn/T//ch.elf.rjwPRd.ltrans0.ltrans.o
 *fill*         0x00000000080049ac        0x4 
 .text.thread4A
                0x00000000080049b0       0x7c /var/folders/yg/3nxcpv294hvfwgl_w3cbnbrh0000gn/T//ch.elf.rjwPRd.ltrans0.ltrans.o
 *fill*         0x0000000008004a2c        0x4 
 .text.thread6  0x0000000008004a30       0xa0 /var/folders/yg/3nxcpv294hvfwgl_w3cbnbrh0000gn/T//ch.elf.rjwPRd.ltrans0.ltrans.o
 .text.thread8  0x0000000008004ad0       0xc0 /var/folders/yg/3nxcpv294hvfwgl_w3cbnbrh0000gn/T//ch.elf.rjwPRd.ltrans0.ltrans.o
 .text.thread9  0x0000000008004b90       0x3c /var/folders/yg/3nxcpv294hvfwgl_w3cbnbrh0000gn/T//ch.elf.rjwPRd.ltrans0.ltrans.o
 *fill*         0x0000000008004bcc        0x4 
 .text.rt_test_008_004_execute
                0x0000000008004bd0      0x10c /var/folders/yg/3nxcpv294hvfwgl_w3cbnbrh0000gn/T//ch.elf.rjwPRd.ltrans0.ltrans.o
 *fill*         0x0000000008004cdc        0x4 
 .text.rt_test_008_005_execute
                0x0000000008004ce0      0x190 /var/folders/yg/3nxcpv294hvfwgl_w3cbnbrh0000gn/T//ch.elf.rjwPRd.ltrans0.ltrans.o
 .text.chEvtBroadcastFlagsI
                0x0000000008004e70       0x74 /var/folders/yg/3nxcpv294hvfwgl_w3cbnbrh0000gn/T//ch.elf.rjwPRd.ltrans0.ltrans.o
                0x0000000008004e70                chEvtBroadcastFlagsI
 *fill*         0x0000000008004ee4        0xc 
 .text.sduDataTransmitted
                0x0000000008004ef0       0xc8 /var/folders/yg/3nxcpv294hvfwgl_w3cbnbrh0000gn/T//ch.elf.rjwPRd.ltrans0.ltrans.o
 *fill*         0x0000000008004fb8        0x8 
 .text.sduDataReceived
                0x0000000008004fc0       0x88 /var/folders/yg/3nxcpv294hvfwgl_w3cbnbrh0000gn/T//ch.elf.rjwPRd.ltrans0.ltrans.o
 *fill*         0x0000000008005048        0x8 
 .text.usb_event.lto_priv.0
                0x0000000008005050      0x1d4 /var/folders/yg/3nxcpv294hvfwgl_w3cbnbrh0000gn/T//ch.elf.rjwPRd.ltrans0.ltrans.o
                0x0000000008005050                usb_event.lto_priv.0
 *fill*         0x0000000008005224        0xc 
 .text.evt_thread7
                0x0000000008005230       0x6c /var/folders/yg/3nxcpv294hvfwgl_w3cbnbrh0000gn/T//ch.elf.rjwPRd.ltrans0.ltrans.o
 *fill*         0x000000000800529c        0x4 
 .text.chMBPostTimeout
                0x00000000080052a0       0xc8 /var/folders/yg/3nxcpv294hvfwgl_w3cbnbrh0000gn/T//ch.elf.rjwPRd.ltrans0.ltrans.o
                0x00000000080052a0                chMBPostTimeout
 *fill*         0x0000000008005368        0x8 
 .text.chMBFetchTimeoutS
                0x0000000008005370       0xa4 /var/folders/yg/3nxcpv294hvfwgl_w3cbnbrh0000gn/T//ch.elf.rjwPRd.ltrans0.ltrans.o
                0x0000000008005370                chMBFetchTimeoutS
 *fill*         0x0000000008005414        0xc 
 .text.chHeapAllocAligned
                0x0000000008005420       0xf0 /var/folders/yg/3nxcpv294hvfwgl_w3cbnbrh0000gn/T//ch.elf.rjwPRd.ltrans0.ltrans.o
                0x0000000008005420                chHeapAllocAligned
 .text.chThdCreateFromHeap
                0x0000000008005510       0x4c /var/folders/yg/3nxcpv294hvfwgl_w3cbnbrh0000gn/T//ch.elf.rjwPRd.ltrans0.ltrans.o
                0x0000000008005510                chThdCreateFromHeap
 *fill*         0x000000000800555c        0x4 
 .text.chHeapFree
                0x0000000008005560       0xa0 /var/folders/yg/3nxcpv294hvfwgl_w3cbnbrh0000gn/T//ch.elf.rjwPRd.ltrans0.ltrans.o
                0x0000000008005560                chHeapFree
 .text.chThdRelease.part.0
                0x0000000008005600       0x3c /var/folders/yg/3nxcpv294hvfwgl_w3cbnbrh0000gn/T//ch.elf.rjwPRd.ltrans0.ltrans.o
                0x0000000008005600                chThdRelease.part.0
 *fill*         0x000000000800563c        0x4 
 .text.chThdWait
                0x0000000008005640       0x74 /var/folders/yg/3nxcpv294hvfwgl_w3cbnbrh0000gn/T//ch.elf.rjwPRd.ltrans0.ltrans.o
                0x0000000008005640                chThdWait
 *fill*         0x00000000080056b4        0xc 
 .text.rt_test_010_003_execute
                0x00000000080056c0      0x110 /var/folders/yg/3nxcpv294hvfwgl_w3cbnbrh0000gn/T//ch.elf.rjwPRd.ltrans0.ltrans.o
 .text.rt_test_006_001_execute
                0x00000000080057d0      0x10c /var/folders/yg/3nxcpv294hvfwgl_w3cbnbrh0000gn/T//ch.elf.rjwPRd.ltrans0.ltrans.o
 *fill*         0x00000000080058dc        0x4 
 .text.rt_test_007_005_teardown
                0x00000000080058e0       0x24 /var/folders/yg/3nxcpv294hvfwgl_w3cbnbrh0000gn/T//ch.elf.rjwPRd.ltrans0.ltrans.o
 *fill*         0x0000000008005904        0xc 
 .text.rt_test_007_006_teardown
                0x0000000008005910       0x24 /var/folders/yg/3nxcpv294hvfwgl_w3cbnbrh0000gn/T//ch.elf.rjwPRd.ltrans0.ltrans.o
 *fill*         0x0000000008005934        0xc 
 .text.rt_test_008_004_teardown
                0x0000000008005940       0x24 /var/folders/yg/3nxcpv294hvfwgl_w3cbnbrh0000gn/T//ch.elf.rjwPRd.ltrans0.ltrans.o
 *fill*         0x0000000008005964        0xc 
 .text.rt_test_010_004_execute
                0x0000000008005970      0x174 /var/folders/yg/3nxcpv294hvfwgl_w3cbnbrh0000gn/T//ch.elf.rjwPRd.ltrans0.ltrans.o
 *fill*         0x0000000008005ae4        0xc 
 .text.rt_test_010_005_execute
                0x0000000008005af0      0x168 /var/folders/yg/3nxcpv294hvfwgl_w3cbnbrh0000gn/T//ch.elf.rjwPRd.ltrans0.ltrans.o
 *fill*         0x0000000008005c58        0x8 
 .text.rt_test_010_007_execute
                0x0000000008005c60      0x1ec /var/folders/yg/3nxcpv294hvfwgl_w3cbnbrh0000gn/T//ch.elf.rjwPRd.ltrans0.ltrans.o
 *fill*         0x0000000008005e4c        0x4 
 .text.chHeapStatus
                0x0000000008005e50       0x68 /var/folders/yg/3nxcpv294hvfwgl_w3cbnbrh0000gn/T//ch.elf.rjwPRd.ltrans0.ltrans.o
                0x0000000008005e50                chHeapStatus
 *fill*         0x0000000008005eb8        0x8 
 .text.chGuardedPoolAllocTimeout
                0x0000000008005ec0       0x68 /var/folders/yg/3nxcpv294hvfwgl_w3cbnbrh0000gn/T//ch.elf.rjwPRd.ltrans0.ltrans.o
                0x0000000008005ec0                chGuardedPoolAllocTimeout
 *fill*         0x0000000008005f28        0x8 
 .text.chDelegateCallVeneer
                0x0000000008005f30       0x24 /var/folders/yg/3nxcpv294hvfwgl_w3cbnbrh0000gn/T//ch.elf.rjwPRd.ltrans0.ltrans.o
                0x0000000008005f30                chDelegateCallVeneer
 *fill*         0x0000000008005f54        0xc 
 .text.dyn_create_object_heap.lto_priv.0
                0x0000000008005f60       0x64 /var/folders/yg/3nxcpv294hvfwgl_w3cbnbrh0000gn/T//ch.elf.rjwPRd.ltrans0.ltrans.o
                0x0000000008005f60                dyn_create_object_heap.lto_priv.0
 *fill*         0x0000000008005fc4        0xc 
 .text.chFactoryReleaseObject
                0x0000000008005fd0       0x64 /var/folders/yg/3nxcpv294hvfwgl_w3cbnbrh0000gn/T//ch.elf.rjwPRd.ltrans0.ltrans.o
                0x0000000008005fd0                chFactoryReleaseObject
 *fill*         0x0000000008006034        0xc 
 .text.chFactoryReleaseBuffer
                0x0000000008006040       0x50 /var/folders/yg/3nxcpv294hvfwgl_w3cbnbrh0000gn/T//ch.elf.rjwPRd.ltrans0.ltrans.o
                0x0000000008006040                chFactoryReleaseBuffer
 .text.chFactoryReleaseSemaphore
                0x0000000008006090       0x64 /var/folders/yg/3nxcpv294hvfwgl_w3cbnbrh0000gn/T//ch.elf.rjwPRd.ltrans0.ltrans.o
                0x0000000008006090                chFactoryReleaseSemaphore
 *fill*         0x00000000080060f4        0xc 
 .text.chFactoryReleaseMailbox
                0x0000000008006100       0x50 /var/folders/yg/3nxcpv294hvfwgl_w3cbnbrh0000gn/T//ch.elf.rjwPRd.ltrans0.ltrans.o
                0x0000000008006100                chFactoryReleaseMailbox
 .text.chFactoryReleaseObjectsFIFO
                0x0000000008006150       0x50 /var/folders/yg/3nxcpv294hvfwgl_w3cbnbrh0000gn/T//ch.elf.rjwPRd.ltrans0.ltrans.o
                0x0000000008006150                chFactoryReleaseObjectsFIFO
 .text.chFactoryReleasePipe
                0x00000000080061a0       0x50 /var/folders/yg/3nxcpv294hvfwgl_w3cbnbrh0000gn/T//ch.elf.rjwPRd.ltrans0.ltrans.o
                0x00000000080061a0                chFactoryReleasePipe
 .text.SVC_Handler
                0x00000000080061f0       0x14 /var/folders/yg/3nxcpv294hvfwgl_w3cbnbrh0000gn/T//ch.elf.rjwPRd.ltrans0.ltrans.o
                0x00000000080061f0                SVC_Handler
 *fill*         0x0000000008006204        0xc 
 .text.chprintf
                0x0000000008006210      0x440 /var/folders/yg/3nxcpv294hvfwgl_w3cbnbrh0000gn/T//ch.elf.rjwPRd.ltrans0.ltrans.o
                0x0000000008006210                chprintf
 .text.shellThread
                0x0000000008006650      0x254 /var/folders/yg/3nxcpv294hvfwgl_w3cbnbrh0000gn/T//ch.elf.rjwPRd.ltrans0.ltrans.o
                0x0000000008006650                shellThread
 *fill*         0x00000000080068a4        0xc 
 .text.cmd_exit
                0x00000000080068b0       0x34 /var/folders/yg/3nxcpv294hvfwgl_w3cbnbrh0000gn/T//ch.elf.rjwPRd.ltrans0.ltrans.o
 *fill*         0x00000000080068e4        0xc 
 .text.cmd_info
                0x00000000080068f0       0xbc /var/folders/yg/3nxcpv294hvfwgl_w3cbnbrh0000gn/T//ch.elf.rjwPRd.ltrans0.ltrans.o
 *fill*         0x00000000080069ac        0x4 
 .text.cmd_echo
                0x00000000080069b0       0x20 /var/folders/yg/3nxcpv294hvfwgl_w3cbnbrh0000gn/T//ch.elf.rjwPRd.ltrans0.ltrans.o
 .text.cmd_systime
                0x00000000080069d0       0x28 /var/folders/yg/3nxcpv294hvfwgl_w3cbnbrh0000gn/T//ch.elf.rjwPRd.ltrans0.ltrans.o
 *fill*         0x00000000080069f8        0x8 
 .text.cmd_mem  0x0000000008006a00       0xa8 /var/folders/yg/3nxcpv294hvfwgl_w3cbnbrh0000gn/T//ch.elf.rjwPRd.ltrans0.ltrans.o
 *fill*         0x0000000008006aa8        0x8 
 .text.cmd_threads
                0x0000000008006ab0       0xe8 /var/folders/yg/3nxcpv294hvfwgl_w3cbnbrh0000gn/T//ch.elf.rjwPRd.ltrans0.ltrans.o
 *fill*         0x0000000008006b98        0x8 
 .text.cmd_test
                0x0000000008006ba0       0x8c /var/folders/yg/3nxcpv294hvfwgl_w3cbnbrh0000gn/T//ch.elf.rjwPRd.ltrans0.ltrans.o
 *fill*         0x0000000008006c2c        0x4 
 .text.get_ldnumber.lto_priv.0
                0x0000000008006c30       0x34 /var/folders/yg/3nxcpv294hvfwgl_w3cbnbrh0000gn/T//ch.elf.rjwPRd.ltrans0.ltrans.o
                0x0000000008006c30                get_ldnumber.lto_priv.0
 *fill*         0x0000000008006c64        0xc 
 .text.move_window.part.0.lto_priv.0
                0x0000000008006c70       0x90 /var/folders/yg/3nxcpv294hvfwgl_w3cbnbrh0000gn/T//ch.elf.rjwPRd.ltrans0.ltrans.o
                0x0000000008006c70                move_window.part.0.lto_priv.0
 .text.get_fat.lto_priv.0
                0x0000000008006d00      0x140 /var/folders/yg/3nxcpv294hvfwgl_w3cbnbrh0000gn/T//ch.elf.rjwPRd.ltrans0.ltrans.o
                0x0000000008006d00                get_fat.lto_priv.0
 .text.check_fs.lto_priv.0
                0x0000000008006e40       0xc0 /var/folders/yg/3nxcpv294hvfwgl_w3cbnbrh0000gn/T//ch.elf.rjwPRd.ltrans0.ltrans.o
                0x0000000008006e40                check_fs.lto_priv.0
 .text.ff_wtoupper.part.0
                0x0000000008006f00       0xb4 /var/folders/yg/3nxcpv294hvfwgl_w3cbnbrh0000gn/T//ch.elf.rjwPRd.ltrans0.ltrans.o
                0x0000000008006f00                ff_wtoupper.part.0
 *fill*         0x0000000008006fb4        0xc 
 .text.__test_assert
                0x0000000008006fc0       0x18 /var/folders/yg/3nxcpv294hvfwgl_w3cbnbrh0000gn/T//ch.elf.rjwPRd.ltrans0.ltrans.o
                0x0000000008006fc0                __test_assert
 *fill*         0x0000000008006fd8        0x8 
 .text.__test_assert_sequence
                0x0000000008006fe0       0x3c /var/folders/yg/3nxcpv294hvfwgl_w3cbnbrh0000gn/T//ch.elf.rjwPRd.ltrans0.ltrans.o
                0x0000000008006fe0                __test_assert_sequence
 *fill*         0x000000000800701c        0x4 
 .text.rt_test_005_002_execute
                0x0000000008007020      0x1fc /var/folders/yg/3nxcpv294hvfwgl_w3cbnbrh0000gn/T//ch.elf.rjwPRd.ltrans0.ltrans.o
 *fill*         0x000000000800721c        0x4 
 .text.rt_test_007_002_execute
                0x0000000008007220      0x194 /var/folders/yg/3nxcpv294hvfwgl_w3cbnbrh0000gn/T//ch.elf.rjwPRd.ltrans0.ltrans.o
 *fill*         0x00000000080073b4        0xc 
 .text.rt_test_007_003_execute
                0x00000000080073c0      0x1b4 /var/folders/yg/3nxcpv294hvfwgl_w3cbnbrh0000gn/T//ch.elf.rjwPRd.ltrans0.ltrans.o
 *fill*         0x0000000008007574        0xc 
 .text.rt_test_007_004_execute
                0x0000000008007580       0xf4 /var/folders/yg/3nxcpv294hvfwgl_w3cbnbrh0000gn/T//ch.elf.rjwPRd.ltrans0.ltrans.o
 *fill*         0x0000000008007674        0xc 
 .text.rt_test_008_001_execute
                0x0000000008007680      0x10c /var/folders/yg/3nxcpv294hvfwgl_w3cbnbrh0000gn/T//ch.elf.rjwPRd.ltrans0.ltrans.o
 *fill*         0x000000000800778c        0x4 
 .text.rt_test_008_007_execute
                0x0000000008007790      0x1c0 /var/folders/yg/3nxcpv294hvfwgl_w3cbnbrh0000gn/T//ch.elf.rjwPRd.ltrans0.ltrans.o
 .text.rt_test_008_008_execute
                0x0000000008007950      0x12c /var/folders/yg/3nxcpv294hvfwgl_w3cbnbrh0000gn/T//ch.elf.rjwPRd.ltrans0.ltrans.o
 *fill*         0x0000000008007a7c        0x4 
 .text.rt_test_008_009_execute
                0x0000000008007a80       0xf4 /var/folders/yg/3nxcpv294hvfwgl_w3cbnbrh0000gn/T//ch.elf.rjwPRd.ltrans0.ltrans.o
 *fill*         0x0000000008007b74        0xc 
 .text.rt_test_009_001_execute
                0x0000000008007b80       0xe0 /var/folders/yg/3nxcpv294hvfwgl_w3cbnbrh0000gn/T//ch.elf.rjwPRd.ltrans0.ltrans.o
 .text.rt_test_010_002_execute
                0x0000000008007c60       0x4c /var/folders/yg/3nxcpv294hvfwgl_w3cbnbrh0000gn/T//ch.elf.rjwPRd.ltrans0.ltrans.o
 *fill*         0x0000000008007cac        0x4 
 .text.rt_test_011_001_execute
                0x0000000008007cb0      0x210 /var/folders/yg/3nxcpv294hvfwgl_w3cbnbrh0000gn/T//ch.elf.rjwPRd.ltrans0.ltrans.o
 .text.rt_test_011_002_execute
                0x0000000008007ec0      0x1b0 /var/folders/yg/3nxcpv294hvfwgl_w3cbnbrh0000gn/T//ch.elf.rjwPRd.ltrans0.ltrans.o
 .text.test_printf
                0x0000000008008070      0x450 /var/folders/yg/3nxcpv294hvfwgl_w3cbnbrh0000gn/T//ch.elf.rjwPRd.ltrans0.ltrans.o
                0x0000000008008070                test_printf
 .text.rt_test_001_001_execute.lto_priv.0
                0x00000000080084c0       0xdc /var/folders/yg/3nxcpv294hvfwgl_w3cbnbrh0000gn/T//ch.elf.rjwPRd.ltrans0.ltrans.o
                0x00000000080084c0                rt_test_001_001_execute.lto_priv.0
 *fill*         0x000000000800859c        0x4 
 .text.rt_test_001_002_execute
                0x00000000080085a0       0xbc /var/folders/yg/3nxcpv294hvfwgl_w3cbnbrh0000gn/T//ch.elf.rjwPRd.ltrans0.ltrans.o
 *fill*         0x000000000800865c        0x4 
 .text.rt_test_001_003_execute
                0x0000000008008660      0x3b0 /var/folders/yg/3nxcpv294hvfwgl_w3cbnbrh0000gn/T//ch.elf.rjwPRd.ltrans0.ltrans.o
 .text.rt_test_012_001_execute
                0x0000000008008a10       0xa0 /var/folders/yg/3nxcpv294hvfwgl_w3cbnbrh0000gn/T//ch.elf.rjwPRd.ltrans0.ltrans.o
 .text.rt_test_012_002_execute
                0x0000000008008ab0       0xa0 /var/folders/yg/3nxcpv294hvfwgl_w3cbnbrh0000gn/T//ch.elf.rjwPRd.ltrans0.ltrans.o
 .text.rt_test_012_003_execute
                0x0000000008008b50      0x104 /var/folders/yg/3nxcpv294hvfwgl_w3cbnbrh0000gn/T//ch.elf.rjwPRd.ltrans0.ltrans.o
 *fill*         0x0000000008008c54        0xc 
 .text.rt_test_012_007_setup.lto_priv.0
                0x0000000008008c60       0x10 /var/folders/yg/3nxcpv294hvfwgl_w3cbnbrh0000gn/T//ch.elf.rjwPRd.ltrans1.ltrans.o
                0x0000000008008c60                rt_test_012_007_setup.lto_priv.0
 .text.rt_test_012_010_setup.lto_priv.0
                0x0000000008008c70       0x10 /var/folders/yg/3nxcpv294hvfwgl_w3cbnbrh0000gn/T//ch.elf.rjwPRd.ltrans1.ltrans.o
                0x0000000008008c70                rt_test_012_010_setup.lto_priv.0
 .text.rt_test_012_011_setup.lto_priv.0
                0x0000000008008c80       0x10 /var/folders/yg/3nxcpv294hvfwgl_w3cbnbrh0000gn/T//ch.elf.rjwPRd.ltrans1.ltrans.o
                0x0000000008008c80                rt_test_012_011_setup.lto_priv.0
 .text.oslib_test_002_003_setup.lto_priv.0
                0x0000000008008c90       0x34 /var/folders/yg/3nxcpv294hvfwgl_w3cbnbrh0000gn/T//ch.elf.rjwPRd.ltrans1.ltrans.o
                0x0000000008008c90                oslib_test_002_003_setup.lto_priv.0
 *fill*         0x0000000008008cc4        0xc 
 .text.oslib_test_002_001_setup
                0x0000000008008cd0       0x34 /var/folders/yg/3nxcpv294hvfwgl_w3cbnbrh0000gn/T//ch.elf.rjwPRd.ltrans1.ltrans.o
                0x0000000008008cd0                oslib_test_002_001_setup.lto_priv.0
 *fill*         0x0000000008008d04        0xc 
 .text.oslib_test_002_002_setup
                0x0000000008008d10       0x34 /var/folders/yg/3nxcpv294hvfwgl_w3cbnbrh0000gn/T//ch.elf.rjwPRd.ltrans1.ltrans.o
                0x0000000008008d10                oslib_test_002_002_setup.lto_priv.0
 *fill*         0x0000000008008d44        0xc 
 .text.oslib_test_003_001_setup.lto_priv.0
                0x0000000008008d50       0x48 /var/folders/yg/3nxcpv294hvfwgl_w3cbnbrh0000gn/T//ch.elf.rjwPRd.ltrans1.ltrans.o
                0x0000000008008d50                oslib_test_003_001_setup.lto_priv.0
 *fill*         0x0000000008008d98        0x8 
 .text.oslib_test_003_002_setup.lto_priv.0
                0x0000000008008da0       0x48 /var/folders/yg/3nxcpv294hvfwgl_w3cbnbrh0000gn/T//ch.elf.rjwPRd.ltrans1.ltrans.o
                0x0000000008008da0                oslib_test_003_002_setup.lto_priv.0
 *fill*         0x0000000008008de8        0x8 
 .text.dis_func0
                0x0000000008008df0       0x20 /var/folders/yg/3nxcpv294hvfwgl_w3cbnbrh0000gn/T//ch.elf.rjwPRd.ltrans1.ltrans.o
 .text.dis_func1
                0x0000000008008e10       0x18 /var/folders/yg/3nxcpv294hvfwgl_w3cbnbrh0000gn/T//ch.elf.rjwPRd.ltrans1.ltrans.o
 *fill*         0x0000000008008e28        0x8 
 .text.dis_func2
                0x0000000008008e30       0x2c /var/folders/yg/3nxcpv294hvfwgl_w3cbnbrh0000gn/T//ch.elf.rjwPRd.ltrans1.ltrans.o
 *fill*         0x0000000008008e5c        0x4 
 .text.dis_func3
                0x0000000008008e60       0x38 /var/folders/yg/3nxcpv294hvfwgl_w3cbnbrh0000gn/T//ch.elf.rjwPRd.ltrans1.ltrans.o
 *fill*         0x0000000008008e98        0x8 
 .text.dis_func4
                0x0000000008008ea0       0x48 /var/folders/yg/3nxcpv294hvfwgl_w3cbnbrh0000gn/T//ch.elf.rjwPRd.ltrans1.ltrans.o
 *fill*         0x0000000008008ee8        0x8 
 .text.dis_func_end
                0x0000000008008ef0       0x28 /var/folders/yg/3nxcpv294hvfwgl_w3cbnbrh0000gn/T//ch.elf.rjwPRd.ltrans1.ltrans.o
 *fill*         0x0000000008008f18        0x8 
 .text.obj_write
                0x0000000008008f20       0x20 /var/folders/yg/3nxcpv294hvfwgl_w3cbnbrh0000gn/T//ch.elf.rjwPRd.ltrans1.ltrans.o
 .text.null_provider
                0x0000000008008f40        0x4 /var/folders/yg/3nxcpv294hvfwgl_w3cbnbrh0000gn/T//ch.elf.rjwPRd.ltrans1.ltrans.o
 *fill*         0x0000000008008f44        0xc 
 .text.oslib_test_007_001_setup.lto_priv.0
                0x0000000008008f50       0x14 /var/folders/yg/3nxcpv294hvfwgl_w3cbnbrh0000gn/T//ch.elf.rjwPRd.ltrans1.ltrans.o
                0x0000000008008f50                oslib_test_007_001_setup.lto_priv.0
 *fill*         0x0000000008008f64        0xc 
 .text.oslib_test_007_001_execute.lto_priv.0
                0x0000000008008f70      0x198 /var/folders/yg/3nxcpv294hvfwgl_w3cbnbrh0000gn/T//ch.elf.rjwPRd.ltrans1.ltrans.o
                0x0000000008008f70                oslib_test_007_001_execute.lto_priv.0
 *fill*         0x0000000008009108        0x8 
 .text.oslib_test_007_003_setup.lto_priv.0
                0x0000000008009110       0x1c /var/folders/yg/3nxcpv294hvfwgl_w3cbnbrh0000gn/T//ch.elf.rjwPRd.ltrans1.ltrans.o
                0x0000000008009110                oslib_test_007_003_setup.lto_priv.0
 *fill*         0x000000000800912c        0x4 
 .text.oslib_test_007_002_setup
                0x0000000008009130       0x1c /var/folders/yg/3nxcpv294hvfwgl_w3cbnbrh0000gn/T//ch.elf.rjwPRd.ltrans1.ltrans.o
                0x0000000008009130                oslib_test_007_002_setup.lto_priv.0
 *fill*         0x000000000800914c        0x4 
 .text.oslib_test_008_001_setup.lto_priv.0
                0x0000000008009150       0x34 /var/folders/yg/3nxcpv294hvfwgl_w3cbnbrh0000gn/T//ch.elf.rjwPRd.ltrans1.ltrans.o
                0x0000000008009150                oslib_test_008_001_setup.lto_priv.0
 *fill*         0x0000000008009184        0xc 
 .text.Thread1.lto_priv.2
                0x0000000008009190       0x48 /var/folders/yg/3nxcpv294hvfwgl_w3cbnbrh0000gn/T//ch.elf.rjwPRd.ltrans1.ltrans.o
 *fill*         0x00000000080091d8        0x8 
 .text.init_alloc_info.isra.0
                0x00000000080091e0       0x20 /var/folders/yg/3nxcpv294hvfwgl_w3cbnbrh0000gn/T//ch.elf.rjwPRd.ltrans1.ltrans.o
 .text.rt_test_012_012_execute.lto_priv.0
                0x0000000008009200      0x14c /var/folders/yg/3nxcpv294hvfwgl_w3cbnbrh0000gn/T//ch.elf.rjwPRd.ltrans1.ltrans.o
                0x0000000008009200                rt_test_012_012_execute.lto_priv.0
 *fill*         0x000000000800934c        0x4 
 .text.oslib_test_001_002_execute.lto_priv.0
                0x0000000008009350       0xc4 /var/folders/yg/3nxcpv294hvfwgl_w3cbnbrh0000gn/T//ch.elf.rjwPRd.ltrans1.ltrans.o
                0x0000000008009350                oslib_test_001_002_execute.lto_priv.0
 *fill*         0x0000000008009414        0xc 
 .text.oslib_test_001_003_execute.lto_priv.0
                0x0000000008009420      0x1ec /var/folders/yg/3nxcpv294hvfwgl_w3cbnbrh0000gn/T//ch.elf.rjwPRd.ltrans1.ltrans.o
                0x0000000008009420                oslib_test_001_003_execute.lto_priv.0
 *fill*         0x000000000800960c        0x4 
 .text.ShellHandler
                0x0000000008009610       0x20 /var/folders/yg/3nxcpv294hvfwgl_w3cbnbrh0000gn/T//ch.elf.rjwPRd.ltrans1.ltrans.o
 .text.rt_test_012_010_execute.lto_priv.0
                0x0000000008009630      0x214 /var/folders/yg/3nxcpv294hvfwgl_w3cbnbrh0000gn/T//ch.elf.rjwPRd.ltrans1.ltrans.o
                0x0000000008009630                rt_test_012_010_execute.lto_priv.0
 *fill*         0x0000000008009844        0xc 
 .text.chCacheGetObject.constprop.0
                0x0000000008009850      0x168 /var/folders/yg/3nxcpv294hvfwgl_w3cbnbrh0000gn/T//ch.elf.rjwPRd.ltrans1.ltrans.o
 *fill*         0x00000000080099b8        0x8 
 .text.rt_test_012_011_execute.lto_priv.0
                0x00000000080099c0       0xdc /var/folders/yg/3nxcpv294hvfwgl_w3cbnbrh0000gn/T//ch.elf.rjwPRd.ltrans1.ltrans.o
                0x00000000080099c0                rt_test_012_011_execute.lto_priv.0
 *fill*         0x0000000008009a9c        0x4 
 .text.oslib_test_001_001_execute
                0x0000000008009aa0        0x4 /var/folders/yg/3nxcpv294hvfwgl_w3cbnbrh0000gn/T//ch.elf.rjwPRd.ltrans1.ltrans.o
                0x0000000008009aa0                oslib_test_001_001_execute.lto_priv.0
 *fill*         0x0000000008009aa4        0xc 
 .text.chMBPostAheadI.constprop.0
                0x0000000008009ab0       0x70 /var/folders/yg/3nxcpv294hvfwgl_w3cbnbrh0000gn/T//ch.elf.rjwPRd.ltrans1.ltrans.o
 .text.oslib_test_002_001_teardown
                0x0000000008009b20       0xb0 /var/folders/yg/3nxcpv294hvfwgl_w3cbnbrh0000gn/T//ch.elf.rjwPRd.ltrans1.ltrans.o
                0x0000000008009b20                oslib_test_002_001_teardown.lto_priv.0
 .text.oslib_test_002_002_teardown
                0x0000000008009bd0       0xb0 /var/folders/yg/3nxcpv294hvfwgl_w3cbnbrh0000gn/T//ch.elf.rjwPRd.ltrans1.ltrans.o
                0x0000000008009bd0                oslib_test_002_002_teardown.lto_priv.0
 .text.oslib_test_002_003_teardown.lto_priv.0
                0x0000000008009c80       0xb0 /var/folders/yg/3nxcpv294hvfwgl_w3cbnbrh0000gn/T//ch.elf.rjwPRd.ltrans1.ltrans.o
                0x0000000008009c80                oslib_test_002_003_teardown.lto_priv.0
 .text.obj_read
                0x0000000008009d30       0xc8 /var/folders/yg/3nxcpv294hvfwgl_w3cbnbrh0000gn/T//ch.elf.rjwPRd.ltrans1.ltrans.o
 *fill*         0x0000000008009df8        0x8 
 .text.chMBPostAheadTimeout.constprop.0
                0x0000000008009e00       0xbc /var/folders/yg/3nxcpv294hvfwgl_w3cbnbrh0000gn/T//ch.elf.rjwPRd.ltrans1.ltrans.o
 *fill*         0x0000000008009ebc        0x4 
 .text.oslib_test_006_001_execute.lto_priv.0
                0x0000000008009ec0      0x604 /var/folders/yg/3nxcpv294hvfwgl_w3cbnbrh0000gn/T//ch.elf.rjwPRd.ltrans1.ltrans.o
                0x0000000008009ec0                oslib_test_006_001_execute.lto_priv.0
 *fill*         0x000000000800a4c4        0xc 
 .text.oslib_test_002_001_execute.lto_priv.0
                0x000000000800a4d0      0x3d4 /var/folders/yg/3nxcpv294hvfwgl_w3cbnbrh0000gn/T//ch.elf.rjwPRd.ltrans1.ltrans.o
                0x000000000800a4d0                oslib_test_002_001_execute.lto_priv.0
 *fill*         0x000000000800a8a4        0xc 
 .text.oslib_test_002_002_execute.lto_priv.0
                0x000000000800a8b0      0x40c /var/folders/yg/3nxcpv294hvfwgl_w3cbnbrh0000gn/T//ch.elf.rjwPRd.ltrans1.ltrans.o
                0x000000000800a8b0                oslib_test_002_002_execute.lto_priv.0
 *fill*         0x000000000800acbc        0x4 
 .text.oslib_test_002_003_execute.lto_priv.0
                0x000000000800acc0      0x210 /var/folders/yg/3nxcpv294hvfwgl_w3cbnbrh0000gn/T//ch.elf.rjwPRd.ltrans1.ltrans.o
                0x000000000800acc0                oslib_test_002_003_execute.lto_priv.0
 .text.Thread1.lto_priv.0
                0x000000000800aed0       0x9c /var/folders/yg/3nxcpv294hvfwgl_w3cbnbrh0000gn/T//ch.elf.rjwPRd.ltrans1.ltrans.o
 *fill*         0x000000000800af6c        0x4 
 .text.oslib_test_007_002_execute.lto_priv.0
                0x000000000800af70      0x164 /var/folders/yg/3nxcpv294hvfwgl_w3cbnbrh0000gn/T//ch.elf.rjwPRd.ltrans1.ltrans.o
                0x000000000800af70                oslib_test_007_002_execute.lto_priv.0
 *fill*         0x000000000800b0d4        0xc 
 .text.oslib_test_007_003_execute.lto_priv.0
                0x000000000800b0e0       0x2c /var/folders/yg/3nxcpv294hvfwgl_w3cbnbrh0000gn/T//ch.elf.rjwPRd.ltrans1.ltrans.o
                0x000000000800b0e0                oslib_test_007_003_execute.lto_priv.0
 *fill*         0x000000000800b10c        0x4 
 .text.oslib_test_004_001_execute.lto_priv.0
                0x000000000800b110      0x1d8 /var/folders/yg/3nxcpv294hvfwgl_w3cbnbrh0000gn/T//ch.elf.rjwPRd.ltrans1.ltrans.o
                0x000000000800b110                oslib_test_004_001_execute.lto_priv.0
 *fill*         0x000000000800b2e8        0x8 
 .text.Thread1.lto_priv.1
                0x000000000800b2f0       0x98 /var/folders/yg/3nxcpv294hvfwgl_w3cbnbrh0000gn/T//ch.elf.rjwPRd.ltrans1.ltrans.o
 *fill*         0x000000000800b388        0x8 
 .text.oslib_test_005_001_execute.lto_priv.0
                0x000000000800b390      0x14c /var/folders/yg/3nxcpv294hvfwgl_w3cbnbrh0000gn/T//ch.elf.rjwPRd.ltrans1.ltrans.o
                0x000000000800b390                oslib_test_005_001_execute.lto_priv.0
 *fill*         0x000000000800b4dc        0x4 
 .text.oslib_test_008_001_execute.lto_priv.0
                0x000000000800b4e0      0x44c /var/folders/yg/3nxcpv294hvfwgl_w3cbnbrh0000gn/T//ch.elf.rjwPRd.ltrans1.ltrans.o
                0x000000000800b4e0                oslib_test_008_001_execute.lto_priv.0
 *fill*         0x000000000800b92c        0x4 
 .text.oslib_test_008_002_execute.lto_priv.0
                0x000000000800b930       0x7c /var/folders/yg/3nxcpv294hvfwgl_w3cbnbrh0000gn/T//ch.elf.rjwPRd.ltrans1.ltrans.o
                0x000000000800b930                oslib_test_008_002_execute.lto_priv.0
 *fill*         0x000000000800b9ac        0x4 
 .text.chFactoryCreateSemaphore.constprop.0
                0x000000000800b9b0       0xc0 /var/folders/yg/3nxcpv294hvfwgl_w3cbnbrh0000gn/T//ch.elf.rjwPRd.ltrans1.ltrans.o
 .text.oslib_test_009_005_teardown.lto_priv.0
                0x000000000800ba70       0xac /var/folders/yg/3nxcpv294hvfwgl_w3cbnbrh0000gn/T//ch.elf.rjwPRd.ltrans1.ltrans.o
                0x000000000800ba70                oslib_test_009_005_teardown.lto_priv.0
 *fill*         0x000000000800bb1c        0x4 
 .text.oslib_test_009_001_teardown.lto_priv.0
                0x000000000800bb20       0x68 /var/folders/yg/3nxcpv294hvfwgl_w3cbnbrh0000gn/T//ch.elf.rjwPRd.ltrans1.ltrans.o
                0x000000000800bb20                oslib_test_009_001_teardown.lto_priv.0
 *fill*         0x000000000800bb88        0x8 
 .text.oslib_test_009_002_teardown.lto_priv.0
                0x000000000800bb90       0xac /var/folders/yg/3nxcpv294hvfwgl_w3cbnbrh0000gn/T//ch.elf.rjwPRd.ltrans1.ltrans.o
                0x000000000800bb90                oslib_test_009_002_teardown.lto_priv.0
 *fill*         0x000000000800bc3c        0x4 
 .text.oslib_test_009_004_teardown.lto_priv.0
                0x000000000800bc40       0xac /var/folders/yg/3nxcpv294hvfwgl_w3cbnbrh0000gn/T//ch.elf.rjwPRd.ltrans1.ltrans.o
                0x000000000800bc40                oslib_test_009_004_teardown.lto_priv.0
 *fill*         0x000000000800bcec        0x4 
 .text.oslib_test_009_006_teardown.lto_priv.0
                0x000000000800bcf0       0xac /var/folders/yg/3nxcpv294hvfwgl_w3cbnbrh0000gn/T//ch.elf.rjwPRd.ltrans1.ltrans.o
                0x000000000800bcf0                oslib_test_009_006_teardown.lto_priv.0
 *fill*         0x000000000800bd9c        0x4 
 .text.chFactoryFindPipe.constprop.0
                0x000000000800bda0       0x60 /var/folders/yg/3nxcpv294hvfwgl_w3cbnbrh0000gn/T//ch.elf.rjwPRd.ltrans1.ltrans.o
 .text.chFactoryFindObjectsFIFO.constprop.0
                0x000000000800be00       0x60 /var/folders/yg/3nxcpv294hvfwgl_w3cbnbrh0000gn/T//ch.elf.rjwPRd.ltrans1.ltrans.o
 .text.chFactoryFindMailbox.constprop.0
                0x000000000800be60       0x60 /var/folders/yg/3nxcpv294hvfwgl_w3cbnbrh0000gn/T//ch.elf.rjwPRd.ltrans1.ltrans.o
 .text.chFactoryFindSemaphore.constprop.0
                0x000000000800bec0       0x60 /var/folders/yg/3nxcpv294hvfwgl_w3cbnbrh0000gn/T//ch.elf.rjwPRd.ltrans1.ltrans.o
 .text.chFactoryFindBuffer.constprop.0
                0x000000000800bf20       0x60 /var/folders/yg/3nxcpv294hvfwgl_w3cbnbrh0000gn/T//ch.elf.rjwPRd.ltrans1.ltrans.o
 .text.chFactoryFindObject.constprop.0
                0x000000000800bf80       0x60 /var/folders/yg/3nxcpv294hvfwgl_w3cbnbrh0000gn/T//ch.elf.rjwPRd.ltrans1.ltrans.o
 .text.chFactoryRegisterObject.constprop.0
                0x000000000800bfe0       0xc4 /var/folders/yg/3nxcpv294hvfwgl_w3cbnbrh0000gn/T//ch.elf.rjwPRd.ltrans1.ltrans.o
 *fill*         0x000000000800c0a4        0xc 
 .text.oslib_test_009_001_execute.lto_priv.0
                0x000000000800c0b0      0x160 /var/folders/yg/3nxcpv294hvfwgl_w3cbnbrh0000gn/T//ch.elf.rjwPRd.ltrans1.ltrans.o
                0x000000000800c0b0                oslib_test_009_001_execute.lto_priv.0
 .text.chFactoryCreatePipe.constprop.0
                0x000000000800c210       0x70 /var/folders/yg/3nxcpv294hvfwgl_w3cbnbrh0000gn/T//ch.elf.rjwPRd.ltrans1.ltrans.o
 .text.oslib_test_009_006_execute.lto_priv.0
                0x000000000800c280      0x120 /var/folders/yg/3nxcpv294hvfwgl_w3cbnbrh0000gn/T//ch.elf.rjwPRd.ltrans1.ltrans.o
                0x000000000800c280                oslib_test_009_006_execute.lto_priv.0
 .text.chFactoryCreateObjectsFIFO.constprop.0
                0x000000000800c3a0       0xf4 /var/folders/yg/3nxcpv294hvfwgl_w3cbnbrh0000gn/T//ch.elf.rjwPRd.ltrans1.ltrans.o
 *fill*         0x000000000800c494        0xc 
 .text.oslib_test_009_005_execute.lto_priv.0
                0x000000000800c4a0      0x120 /var/folders/yg/3nxcpv294hvfwgl_w3cbnbrh0000gn/T//ch.elf.rjwPRd.ltrans1.ltrans.o
                0x000000000800c4a0                oslib_test_009_005_execute.lto_priv.0
 .text.chFactoryCreateMailbox.constprop.0
                0x000000000800c5c0       0x60 /var/folders/yg/3nxcpv294hvfwgl_w3cbnbrh0000gn/T//ch.elf.rjwPRd.ltrans1.ltrans.o
 .text.oslib_test_009_004_execute.lto_priv.0
                0x000000000800c620      0x120 /var/folders/yg/3nxcpv294hvfwgl_w3cbnbrh0000gn/T//ch.elf.rjwPRd.ltrans1.ltrans.o
                0x000000000800c620                oslib_test_009_004_execute.lto_priv.0
 .text.oslib_test_009_002_execute.lto_priv.0
                0x000000000800c740      0x194 /var/folders/yg/3nxcpv294hvfwgl_w3cbnbrh0000gn/T//ch.elf.rjwPRd.ltrans1.ltrans.o
                0x000000000800c740                oslib_test_009_002_execute.lto_priv.0
 *fill*         0x000000000800c8d4        0xc 
 .text.oslib_test_009_003_teardown.lto_priv.0
                0x000000000800c8e0       0x68 /var/folders/yg/3nxcpv294hvfwgl_w3cbnbrh0000gn/T//ch.elf.rjwPRd.ltrans1.ltrans.o
                0x000000000800c8e0                oslib_test_009_003_teardown.lto_priv.0
 *fill*         0x000000000800c948        0x8 
 .text.oslib_test_009_003_execute.lto_priv.0
                0x000000000800c950      0x120 /var/folders/yg/3nxcpv294hvfwgl_w3cbnbrh0000gn/T//ch.elf.rjwPRd.ltrans1.ltrans.o
                0x000000000800c950                oslib_test_009_003_execute.lto_priv.0
 .text.dir_next.constprop.0
                0x000000000800ca70       0x94 /var/folders/yg/3nxcpv294hvfwgl_w3cbnbrh0000gn/T//ch.elf.rjwPRd.ltrans1.ltrans.o
 *fill*         0x000000000800cb04        0xc 
 .text.dir_sdi.constprop.0
                0x000000000800cb10       0x74 /var/folders/yg/3nxcpv294hvfwgl_w3cbnbrh0000gn/T//ch.elf.rjwPRd.ltrans1.ltrans.o
 *fill*         0x000000000800cb84        0xc 
 .text.dir_read.constprop.0
                0x000000000800cb90      0x294 /var/folders/yg/3nxcpv294hvfwgl_w3cbnbrh0000gn/T//ch.elf.rjwPRd.ltrans1.ltrans.o
 *fill*         0x000000000800ce24        0xc 
 .text.RemoveHandler
                0x000000000800ce30       0x58 /var/folders/yg/3nxcpv294hvfwgl_w3cbnbrh0000gn/T//ch.elf.rjwPRd.ltrans1.ltrans.o
 *fill*         0x000000000800ce88        0x8 
 .text.mount_volume.constprop.0
                0x000000000800ce90      0x398 /var/folders/yg/3nxcpv294hvfwgl_w3cbnbrh0000gn/T//ch.elf.rjwPRd.ltrans1.ltrans.o
 *fill*         0x000000000800d228        0x8 
 .text.InsertHandler
                0x000000000800d230       0x6c /var/folders/yg/3nxcpv294hvfwgl_w3cbnbrh0000gn/T//ch.elf.rjwPRd.ltrans1.ltrans.o
 *fill*         0x000000000800d29c        0x4 
 .text.scan_files.constprop.0
                0x000000000800d2a0      0x9ac /var/folders/yg/3nxcpv294hvfwgl_w3cbnbrh0000gn/T//ch.elf.rjwPRd.ltrans1.ltrans.o
 *fill*         0x000000000800dc4c        0x4 
 .text.cmd_tree
                0x000000000800dc50      0x18c /var/folders/yg/3nxcpv294hvfwgl_w3cbnbrh0000gn/T//ch.elf.rjwPRd.ltrans1.ltrans.o
 *fill*         0x000000000800dddc        0x4 
 .text.chThdCreateFromMemoryPool.constprop.0
                0x000000000800dde0       0x88 /var/folders/yg/3nxcpv294hvfwgl_w3cbnbrh0000gn/T//ch.elf.rjwPRd.ltrans1.ltrans.o
                0x000000000800dde0                chThdCreateFromMemoryPool.constprop.0
 *fill*         0x000000000800de68        0x8 
 .text.chEvtWaitOneTimeout.constprop.0
                0x000000000800de70       0x4c /var/folders/yg/3nxcpv294hvfwgl_w3cbnbrh0000gn/T//ch.elf.rjwPRd.ltrans1.ltrans.o
                0x000000000800de70                chEvtWaitOneTimeout.constprop.0
 *fill*         0x000000000800debc        0x4 
 .text.chEvtWaitOne.constprop.0
                0x000000000800dec0       0x50 /var/folders/yg/3nxcpv294hvfwgl_w3cbnbrh0000gn/T//ch.elf.rjwPRd.ltrans1.ltrans.o
                0x000000000800dec0                chEvtWaitOne.constprop.0
 .text.chSemResetWithMessage.constprop.0
                0x000000000800df10       0x60 /var/folders/yg/3nxcpv294hvfwgl_w3cbnbrh0000gn/T//ch.elf.rjwPRd.ltrans1.ltrans.o
                0x000000000800df10                chSemResetWithMessage.constprop.0
 .text.chThdCreateStatic.constprop.0
                0x000000000800df70       0x90 /var/folders/yg/3nxcpv294hvfwgl_w3cbnbrh0000gn/T//ch.elf.rjwPRd.ltrans1.ltrans.o
                0x000000000800df70                chThdCreateStatic.constprop.0
 .text.rt_test_012_004_execute.lto_priv.0
                0x000000000800e000      0x108 /var/folders/yg/3nxcpv294hvfwgl_w3cbnbrh0000gn/T//ch.elf.rjwPRd.ltrans1.ltrans.o
                0x000000000800e000                rt_test_012_004_execute.lto_priv.0
 *fill*         0x000000000800e108        0x8 
 .text.rt_test_012_005_execute.lto_priv.0
                0x000000000800e110       0xa8 /var/folders/yg/3nxcpv294hvfwgl_w3cbnbrh0000gn/T//ch.elf.rjwPRd.ltrans1.ltrans.o
                0x000000000800e110                rt_test_012_005_execute.lto_priv.0
 *fill*         0x000000000800e1b8        0x8 
 .text.rt_test_012_006_execute.lto_priv.0
                0x000000000800e1c0       0xcc /var/folders/yg/3nxcpv294hvfwgl_w3cbnbrh0000gn/T//ch.elf.rjwPRd.ltrans1.ltrans.o
                0x000000000800e1c0                rt_test_012_006_execute.lto_priv.0
 *fill*         0x000000000800e28c        0x4 
 .text.rt_test_012_007_execute.lto_priv.0
                0x000000000800e290      0x170 /var/folders/yg/3nxcpv294hvfwgl_w3cbnbrh0000gn/T//ch.elf.rjwPRd.ltrans1.ltrans.o
                0x000000000800e290                rt_test_012_007_execute.lto_priv.0
 .text.rt_test_012_008_execute.lto_priv.0
                0x000000000800e400      0x138 /var/folders/yg/3nxcpv294hvfwgl_w3cbnbrh0000gn/T//ch.elf.rjwPRd.ltrans1.ltrans.o
                0x000000000800e400                rt_test_012_008_execute.lto_priv.0
 *fill*         0x000000000800e538        0x8 
 .text.vt_enqueue.constprop.0
                0x000000000800e540       0xa0 /var/folders/yg/3nxcpv294hvfwgl_w3cbnbrh0000gn/T//ch.elf.rjwPRd.ltrans1.ltrans.o
                0x000000000800e540                vt_enqueue.constprop.0
 .text.startup.main
                0x000000000800e5e0      0x7e0 /var/folders/yg/3nxcpv294hvfwgl_w3cbnbrh0000gn/T//ch.elf.rjwPRd.ltrans1.ltrans.o
                0x000000000800e5e0                main
 .text.rt_test_012_009_execute.lto_priv.0
                0x000000000800edc0       0xdc /var/folders/yg/3nxcpv294hvfwgl_w3cbnbrh0000gn/T//ch.elf.rjwPRd.ltrans1.ltrans.o
                0x000000000800edc0                rt_test_012_009_execute.lto_priv.0
 *fill*         0x000000000800ee9c        0x4 
 .text.job_slow
                0x000000000800eea0       0x78 /var/folders/yg/3nxcpv294hvfwgl_w3cbnbrh0000gn/T//ch.elf.rjwPRd.ltrans1.ltrans.o
 *fill*         0x000000000800ef18        0x8 
 .text.tmrfunc  0x000000000800ef20       0x8c /var/folders/yg/3nxcpv294hvfwgl_w3cbnbrh0000gn/T//ch.elf.rjwPRd.ltrans1.ltrans.o
 *fill*         0x000000000800efac        0x4 
 .text.chPipeWriteTimeout.constprop.0
                0x000000000800efb0      0x108 /var/folders/yg/3nxcpv294hvfwgl_w3cbnbrh0000gn/T//ch.elf.rjwPRd.ltrans1.ltrans.o
 *fill*         0x000000000800f0b8        0x8 
 .text.chPipeReadTimeout.part.0.constprop.0
                0x000000000800f0c0       0xe4 /var/folders/yg/3nxcpv294hvfwgl_w3cbnbrh0000gn/T//ch.elf.rjwPRd.ltrans1.ltrans.o
 *fill*         0x000000000800f1a4        0xc 
 .text.oslib_test_003_001_execute.lto_priv.0
                0x000000000800f1b0      0x47c /var/folders/yg/3nxcpv294hvfwgl_w3cbnbrh0000gn/T//ch.elf.rjwPRd.ltrans1.ltrans.o
                0x000000000800f1b0                oslib_test_003_001_execute.lto_priv.0
 *fill*         0x000000000800f62c        0x4 
 .text.oslib_test_003_002_execute.lto_priv.0
                0x000000000800f630       0x80 /var/folders/yg/3nxcpv294hvfwgl_w3cbnbrh0000gn/T//ch.elf.rjwPRd.ltrans1.ltrans.o
                0x000000000800f630                oslib_test_003_002_execute.lto_priv.0
 .text.chSemSignalWait.constprop.0.isra.0
                0x000000000800f6b0       0x9c /var/folders/yg/3nxcpv294hvfwgl_w3cbnbrh0000gn/T//ch.elf.rjwPRd.ltrans1.ltrans.o
                0x000000000800f6b0                chSemSignalWait.constprop.0.isra.0
 *fill*         0x000000000800f74c        0x4 
 .text.test_execute_inner.isra.0
                0x000000000800f750      0x320 /var/folders/yg/3nxcpv294hvfwgl_w3cbnbrh0000gn/T//ch.elf.rjwPRd.ltrans1.ltrans.o
                0x000000000800f750                test_execute_inner.isra.0
 .text.sdu_start_receive.isra.0
                0x000000000800fa70       0x48 /var/folders/yg/3nxcpv294hvfwgl_w3cbnbrh0000gn/T//ch.elf.rjwPRd.ltrans1.ltrans.o
                0x000000000800fa70                sdu_start_receive.isra.0
 .text.memcmp   0x000000000800fab8       0x68 /usr/local/Caskroom/gcc-arm-embedded/10-2020-q4-major/gcc-arm-none-eabi-10-2020-q4-major/bin/../lib/gcc/arm-none-eabi/10.2.1/../../../../arm-none-eabi/lib/thumb/v7-m/nofp/libg.a(lib_a-memcmp.o)
                0x000000000800fab8                memcmp
 .text.memset   0x000000000800fb20       0xa4 /usr/local/Caskroom/gcc-arm-embedded/10-2020-q4-major/gcc-arm-none-eabi-10-2020-q4-major/bin/../lib/gcc/arm-none-eabi/10.2.1/../../../../arm-none-eabi/lib/thumb/v7-m/nofp/libg.a(lib_a-memset.o)
                0x000000000800fb20                memset
 .text.strchr   0x000000000800fbc4       0xcc /usr/local/Caskroom/gcc-arm-embedded/10-2020-q4-major/gcc-arm-none-eabi-10-2020-q4-major/bin/../lib/gcc/arm-none-eabi/10.2.1/../../../../arm-none-eabi/lib/thumb/v7-m/nofp/libg.a(lib_a-strchr.o)
                0x000000000800fbc4                strchr
 .text.strcpy   0x000000000800fc90       0xbc /usr/local/Caskroom/gcc-arm-embedded/10-2020-q4-major/gcc-arm-none-eabi-10-2020-q4-major/bin/../lib/gcc/arm-none-eabi/10.2.1/../../../../arm-none-eabi/lib/thumb/v7-m/nofp/libg.a(lib_a-strcpy.o)
                0x000000000800fc90                strcpy
 .text.strlen   0x000000000800fd4c       0x5c /usr/local/Caskroom/gcc-arm-embedded/10-2020-q4-major/gcc-arm-none-eabi-10-2020-q4-major/bin/../lib/gcc/arm-none-eabi/10.2.1/../../../../arm-none-eabi/lib/thumb/v7-m/nofp/libg.a(lib_a-strlen-stub.o)
                0x000000000800fd4c                strlen
 .text.strncmp  0x000000000800fda8       0x7c /usr/local/Caskroom/gcc-arm-embedded/10-2020-q4-major/gcc-arm-none-eabi-10-2020-q4-major/bin/../lib/gcc/arm-none-eabi/10.2.1/../../../../arm-none-eabi/lib/thumb/v7-m/nofp/libg.a(lib_a-strncmp.o)
                0x000000000800fda8                strncmp
 .text.strpbrk  0x000000000800fe24       0x38 /usr/local/Caskroom/gcc-arm-embedded/10-2020-q4-major/gcc-arm-none-eabi-10-2020-q4-major/bin/../lib/gcc/arm-none-eabi/10.2.1/../../../../arm-none-eabi/lib/thumb/v7-m/nofp/libg.a(lib_a-strpbrk.o)
                0x000000000800fe24                strpbrk
 .text.strspn   0x000000000800fe5c       0x34 /usr/local/Caskroom/gcc-arm-embedded/10-2020-q4-major/gcc-arm-none-eabi-10-2020-q4-major/bin/../lib/gcc/arm-none-eabi/10.2.1/../../../../arm-none-eabi/lib/thumb/v7-m/nofp/libg.a(lib_a-strspn.o)
                0x000000000800fe5c                strspn
 *(.glue_7t)
 .glue_7t       0x000000000800fe90        0x0 linker stubs
 *(.glue_7)
 .glue_7        0x000000000800fe90        0x0 linker stubs
 *(.gcc*)
                0x000000000800fe90                __text_end__ = .

.vfp11_veneer   0x000000000800fe90        0x0
 .vfp11_veneer  0x000000000800fe90        0x0 linker stubs

.v4_bx          0x000000000800fe90        0x0
 .v4_bx         0x000000000800fe90        0x0 linker stubs

.iplt           0x000000000800fe90        0x0
 .iplt          0x000000000800fe90        0x0 ./build/obj/crt0_v7m.o

.rodata         0x000000000800fe90     0x3228
                0x000000000800fe90                __rodata_base__ = .
 *(.rodata)
 *(.rodata.*)
 .rodata.rt_test_002_001_execute.str1.4
                0x000000000800fe90       0x57 /var/folders/yg/3nxcpv294hvfwgl_w3cbnbrh0000gn/T//ch.elf.rjwPRd.ltrans0.ltrans.o
 *fill*         0x000000000800fee7        0x1 
 .rodata.rt_test_010_001_execute.str1.4
                0x000000000800fee8       0x1b /var/folders/yg/3nxcpv294hvfwgl_w3cbnbrh0000gn/T//ch.elf.rjwPRd.ltrans0.ltrans.o
 *fill*         0x000000000800ff03        0x1 